******************************************************************************
                  TI ARM Linker PC v16.9.1                     
******************************************************************************
>> Linked Fri Jun 23 15:55:56 2017

OUTPUT FILE NAME:   <ProjectDCGrid.out>
ENTRY POINT SYMBOL: "_c_int00"  address: 00006749


MEMORY CONFIGURATION

         name            origin    length      used     unused   attr    fill
----------------------  --------  ---------  --------  --------  ----  --------
  FLASH                 00000000   00040000  00009008  00036ff8  R  X
  SRAM                  20000000   00008000  000062ee  00001d12  RW X


SEGMENT ALLOCATION MAP

run origin  load origin   length   init length attrs members
----------  ----------- ---------- ----------- ----- -------
00000000    00000000    00009010   00009010    r-x
  00000000    00000000    0000003c   0000003c    r-- .resetVecs
  00000040    00000040    00008462   00008462    r-x .text
  000084a4    000084a4    00000792   00000792    r-- .const
  00008c38    00008c38    000003d8   000003d8    r-- .cinit
20000380    20000380    00005f90   00000000    rw-
  20000380    20000380    00005130   00000000    rw- .bss
  200054b0    200054b0    00000a5e   00000000    rw- .data
  20005f10    20005f10    00000400   00000000    rw- .stack


SECTION ALLOCATION MAP

 output                                  attributes/
section   page    origin      length       input sections
--------  ----  ----------  ----------   ----------------
.text      0    00000040    00008462     
                  00000040    00000430     sysbios.aem4f : BIOS.obj (.text:ti_sysbios_family_arm_m3_Hwi_excDumpRegs__I)
                  00000470    00000354     ti.targets.arm.rtsarm.aem4f : System.oem4f (.text:xdc_runtime_System_doPrint__I)
                  000007c4    00000324     rtsv7M4_T_le_v4SPD16_eabi.lib : trgdrv.obj (.text)
                  00000ae8    00000314     sysbios.aem4f : BIOS.obj (.text:ti_sysbios_knl_Semaphore_pend__E)
                  00000dfc    00000308     Task_RTOS.obj (.text:ControlCplCom_SWI)
                  00001104    000002c8     Task_RTOS.obj (.text:PeriodicMesure_SWI)
                  000013cc    00000004     driverlib.lib : adc.obj (.text:ADCComparatorIntClear)
                  000013d0    00000200     sysbios.aem4f : BIOS.obj (.text:ti_sysbios_knl_Task_sleep__E)
                  000015d0    000001fc                   : BIOS.obj (.text:ti_sysbios_family_arm_m3_Hwi_excHandlerMax__I)
                  000017cc    000001b6     rtsv7M4_T_le_v4SPD16_eabi.lib : fd_add_t2.obj (.text)
                  00001982    00000002     app_pem4f.oem4f (.text:free)
                  00001984    000001a4     Task_RTOS.obj (.text:ControlFlowSystem_SWI)
                  00001b28    00000188     sysbios.aem4f : BIOS.obj (.text:ti_sysbios_knl_Task_setPri__E)
                  00001cb0    0000017c     Task_RTOS.obj (.text:TaskMPPT)
                  00001e2c    00000004     driverlib.lib : adc.obj (.text:ADCComparatorIntStatus)
                  00001e30    0000017c     sysbios.aem4f : BIOS.obj (.text:ti_sysbios_family_arm_lm4_TimestampProvider_get64__E)
                  00001fac    00000004     driverlib.lib : uart.obj (.text:UARTIntClear)
                  00001fb0    00000174     sysbios.aem4f : BIOS.obj (.text:ti_sysbios_family_arm_m3_Hwi_excBusFault__I)
                  00002124    00000004     app_pem4f.oem4f (.text:malloc)
                  00002128    00000164     sysbios.aem4f : BIOS.obj (.text:ti_sysbios_family_arm_m3_Hwi_excUsageFault__I)
                  0000228c    00000004     app_pem4f.oem4f (.text:ti_sysbios_BIOS_RtsGateProxy_enter__E)
                  00002290    00000148     sysbios.aem4f : BIOS.obj (.text:ti_sysbios_family_arm_m3_Hwi_excMemFault__I)
                  000023d8    00000144                   : BIOS.obj (.text:ti_sysbios_family_arm_m3_Hwi_dispatchC__I)
                  0000251c    00000144     ti.targets.arm.rtsarm.aem4f : HeapStd.oem4f (.text:xdc_runtime_HeapStd_alloc__E)
                  00002660    00000140     sysbios.aem4f : BIOS.obj (.text:ti_sysbios_knl_Semaphore_post__E)
                  000027a0    0000013c                   : BIOS.obj (.text:ti_sysbios_knl_Clock_workFunc__E)
                  000028dc    00000138     app_pem4f.oem4f (.text:ti_uia_loggers_LoggerStopMode_writeMemoryRange__E)
                  00002a14    00000138     ti.targets.arm.rtsarm.aem4f : LoggerBuf.oem4f (.text:xdc_runtime_LoggerBuf_write8__E)
                  00002b4c    00000136     rtsv7M4_T_le_v4SPD16_eabi.lib : fd_div_t2.obj (.text)
                  00002c82    00000002                                   : i_div0.obj (.text)
                  00002c84    00000134     Task_RTOS.obj (.text:TaskLedDriving)
                  00002db8    00000132     driverlib.lib : gpio.obj (.text:GPIOPadConfigSet)
                  00002eea    00000002     app_pem4f.oem4f (.text:ti_sysbios_BIOS_nullFunc__I)
                  00002eec    00000130     HardwareSetup.obj (.text:AdcConfig)
                  0000301c    00000130     Task_RTOS.obj (.text:Voltage_based)
                  0000314c    00000130     ti.targets.arm.rtsarm.aem4f : Error.oem4f (.text:xdc_runtime_Error_policyDefault__E)
                  0000327c    00000004     app_pem4f.oem4f (.text:ti_sysbios_BIOS_RtsGateProxy_leave__E)
                  00003280    00000128     sysbios.aem4f : BIOS.obj (.text:ti_sysbios_family_arm_lm4_Timer_start__E)
                  000033a8    0000011c                   : BIOS.obj (.text:ti_sysbios_knl_Swi_run__I)
                  000034c4    00000118     Task_RTOS.obj (.text:TaskPowerManagement)
                  000035dc    00000110     driverlib.lib : sysctl.obj (.text:SysCtlClockGet)
                  000036ec    0000010c     app_pem4f.oem4f (.text:ti_uia_loggers_LoggerStopMode_write8__E)
                  000037f8    00000100     Boot.aem4f : Boot_sysctl.oem4f (.text:ti_catalog_arm_cortexm4_tiva_ce_Boot_sysCtlClockSetI__I)
                  000038f8    000000fc     rtsv7M4_T_le_v4SPD16_eabi.lib : fd_mul_t2.obj (.text)
                  000039f4    000000f8     ti.targets.arm.rtsarm.aem4f : Startup.oem4f (.text:xdc_runtime_Startup_startMods__I)
                  00003aec    000000f8     app_pem4f.oem4f (.text:xdc_runtime_System_printfExtend__I)
                  00003be4    000000f4     app_pem4f.oem4f (.text:ti_uia_loggers_LoggerStopMode_write4__E)
                  00003cd8    000000ec     HardwareSetup.obj (.text:GpioClockPeriphConfig)
                  00003dc4    000000ec     sysbios.aem4f : m3_Hwi_asm.obj (.text:ti_sysbios_family_arm_m3_Hwi_dispatch__I)
                  00003eb0    000000e8     app_pem4f.oem4f (.text:ti_uia_loggers_LoggerStopMode_write1__E)
                  00003f98    000000e8     app_pem4f.oem4f (.text:ti_uia_loggers_LoggerStopMode_write2__E)
                  00004080    000000e8     ti.targets.arm.rtsarm.aem4f : Core-mem.oem4f (.text:xdc_runtime_Core_createObject__I)
                  00004168    000000d8     sysbios.aem4f : BIOS.obj (.text:ti_sysbios_family_arm_lm4_TimestampProvider_get32__E)
                  00004240    000000d8     app_pem4f.oem4f (.text:ti_uia_loggers_LoggerStopMode_write0__E)
                  00004318    000000d4     ti.targets.arm.rtsarm.aem4f : LoggerBuf.oem4f (.text:xdc_runtime_LoggerBuf_write4__E)
                  000043ec    000000cc     Task_RTOS.obj (.text:TaskDayNight)
                  000044b8    000000cc     Task_RTOS.obj (.text:TransmitDataSupervision)
                  00004584    00000004     sysbios.aem4f : BIOS.obj (.text:ti_sysbios_family_arm_lm4_Timer_masterEnable__I)
                  00004588    000000cc                   : BIOS.obj (.text:ti_sysbios_knl_Task_schedule__I)
                  00004654    000000cc     ti.targets.arm.rtsarm.aem4f : Core-smem.oem4f (.text:xdc_runtime_Core_constructObject__I)
                  00004720    000000cc                                 : HeapStd.oem4f (.text:xdc_runtime_HeapStd_Instance_init__E)
                  000047ec    00000004     app_pem4f.oem4f (.text:ti_sysbios_family_arm_m3_TaskSupport_Module__startupDone__S)
                  000047f0    000000bc     sysbios.aem4f : BIOS.obj (.text:ti_sysbios_family_arm_m3_Hwi_excDebugMon__I)
                  000048ac    00000004     app_pem4f.oem4f (.text:ti_sysbios_hal_Timer_TimerProxy_start__E)
                  000048b0    000000bc     sysbios.aem4f : BIOS.obj (.text:ti_sysbios_family_arm_m3_Hwi_excHardFault__I)
                  0000496c    00000004     app_pem4f.oem4f (.text:ti_sysbios_knl_Clock_TimerProxy_getMaxTicks__E)
                  00004970    000000bc     sysbios.aem4f : BIOS.obj (.text:ti_sysbios_knl_Task_startCore__E)
                  00004a2c    00000004     app_pem4f.oem4f (.text:ti_sysbios_knl_Clock_TimerProxy_getPeriod__E)
                  00004a30    000000bc     sysbios.aem4f : BIOS.obj (.text:ti_sysbios_utils_Load_updateLoads__E)
                  00004aec    000000b8     Task_RTOS.obj (.text:TaskBatteryFull)
                  00004ba4    00000004     ti.uia.loggers.aem4f : LoggerStopMode.oem4f (.text:ti_uia_loggers_LoggerStopMode_getContents__E)
                  00004ba8    000000b4     sysbios.aem4f : BIOS.obj (.text:ti_sysbios_gates_GateMutex_enter__E)
                  00004c5c    00000004     app_pem4f.oem4f (.text:ti_uia_loggers_LoggerStopMode_getFilterLevel__E)
                  00004c60    000000b4     sysbios.aem4f : BIOS.obj (.text:ti_sysbios_knl_Task_checkStacks__E)
                  00004d14    00000004     ti.uia.loggers.aem4f : LoggerStopMode.oem4f (.text:ti_uia_loggers_LoggerStopMode_getInstanceId__E)
                  00004d18    000000b0     sysbios.aem4f : BIOS.obj (.text:ti_sysbios_family_arm_lm4_Timer_enableTiva__I)
                  00004dc8    000000b0                   : BIOS.obj (.text:ti_sysbios_knl_Task_postInit__I)
                  00004e78    000000b0                   : BIOS.obj (.text:ti_sysbios_utils_Load_idleFxn__E)
                  00004f28    000000ac                   : BIOS.obj (.text:ti_sysbios_knl_Swi_post__E)
                  00004fd4    00000004     ti.uia.loggers.aem4f : LoggerStopMode.oem4f (.text:ti_uia_loggers_LoggerStopMode_getMaxLength__E)
                  00004fd8    000000a8     sysbios.aem4f : BIOS.obj (.text:ti_sysbios_family_arm_lm4_Timer_enableTimers__I)
                  00005080    000000a8                   : BIOS.obj (.text:ti_sysbios_knl_Task_blockI__E)
                  00005128    000000a8     ti.targets.arm.rtsarm.aem4f : HeapStd.oem4f (.text:xdc_runtime_HeapStd_free__E)
                  000051d0    000000a0     auto_init.aem4f : auto_init.oem4f (.text)
                  00005270    0000009c     rtsv7M4_T_le_v4SPD16_eabi.lib : memcpy_t2.obj (.text)
                  0000530c    00000004     ti.uia.loggers.aem4f : LoggerStopMode.oem4f (.text:ti_uia_loggers_LoggerStopMode_getPriority__E)
                  00005310    0000009c     sysbios.aem4f : BIOS.obj (.text:ti_sysbios_knl_Semaphore_Instance_init__E)
                  000053ac    0000009c     ti.targets.arm.rtsarm.aem4f : LoggerBuf.oem4f (.text:xdc_runtime_LoggerBuf_setFilterLevel__E)
                  00005448    0000009a                                 : Text.oem4f (.text:xdc_runtime_Text_putSite__E)
                  000054e2    00000002     app_pem4f.oem4f (.text:ti_uia_loggers_LoggerStopMode_setFilterLevel__E)
                  000054e4    00000098     Boot.aem4f : Boot.oem4f (.text:ti_catalog_arm_cortexm4_tiva_ce_Boot_sysCtlClockSet__E)
                  0000557c    00000004     ti.uia.loggers.aem4f : LoggerStopMode.oem4f (.text:ti_uia_loggers_LoggerStopMode_getTransferType__E)
                  00005580    00000098     sysbios.aem4f : BIOS.obj (.text:ti_sysbios_knl_Mailbox_post__E)
                  00005618    00000098     ti.targets.arm.rtsarm.aem4f : Text.oem4f (.text:xdc_runtime_Text_putMod__E)
                  000056b0    00000094     sysbios.aem4f : BIOS.obj (.text:ti_sysbios_family_arm_m3_Hwi_initNVIC__E)
                  00005744    00000004     ti.targets.arm.rtsarm.aem4f : Error.oem4f (.text:xdc_runtime_Error_getSite__E)
                  00005748    00000094     sysbios.aem4f : BIOS.obj (.text:ti_sysbios_knl_Task_exit__E)
                  000057dc    00000004     ti.targets.arm.rtsarm.aem4f : HeapStd.oem4f (.text:xdc_runtime_HeapStd_isBlocking__E)
                  000057e0    00000090     sysbios.aem4f : BIOS.obj (.text:ti_sysbios_knl_Task_unblockI__E)
                  00005870    00000090     ti.uia.loggers.aem4f : LoggerStopMode.oem4f (.text:ti_uia_loggers_LoggerStopMode_initQueueDescriptor__E)
                  00005900    0000008c     sysbios.aem4f : m3_TaskSupport_asm.obj (.text:ti_sysbios_family_arm_m3_TaskSupport_buildTaskStack)
                  0000598c    00000004     app_pem4f.oem4f (.text:xdc_runtime_LoggerBuf_Module_GateProxy_enter__E)
                  00005990    0000008c     sysbios.aem4f : BIOS.obj (.text:ti_sysbios_knl_Mailbox_pend__E)
                  00005a1c    00000004     app_pem4f.oem4f (.text:xdc_runtime_LoggerBuf_Module_GateProxy_leave__E)
                  00005a20    00000088     sysbios.aem4f : BIOS.obj (.text:ti_sysbios_knl_Mailbox_Module_startup__E)
                  00005aa8    00000086     rtsv7M4_T_le_v4SPD16_eabi.lib : fd_cmp_t2.obj (.text:__aeabi_cdcmple)
                  00005b2e    00000086                                   : fd_cmp_t2.obj (.text:__aeabi_cdrcmple)
                  00005bb4    00000084     Task_RTOS.obj (.text:TaskCurrentRegulation)
                  00005c38    00000084     sysbios.aem4f : BIOS.obj (.text:ti_sysbios_family_arm_m3_Hwi_postInit__I)
                  00005cbc    00000080     Task_RTOS.obj (.text:InitSoftware)
                  00005d3c    00000080     Task_RTOS.obj (.text:mode_change)
                  00005dbc    0000007c     Task_RTOS.obj (.text:TransmitAlarmSupervision)
                  00005e38    0000007a     driverlib.lib : adc.obj (.text:ADCSequenceStepConfigure)
                  00005eb2    0000007a     rtsv7M4_T_le_v4SPD16_eabi.lib : memset_t2.obj (.text)
                  00005f2c    00000074     ti.uia.runtime.aem4f : QueueDescriptor.oem4f (.text:ti_uia_runtime_QueueDescriptor_addToList__E)
                  00005fa0    00000074     ti.targets.arm.rtsarm.aem4f : LoggerBuf.oem4f (.text:xdc_runtime_LoggerBuf_getFilterLevel__E)
                  00006014    00000070                                 : Error.oem4f (.text:xdc_runtime_Error_print__E)
                  00006084    0000006e     rtsv7M4_T_le_v4SPD16_eabi.lib : fd_tos_t2.obj (.text)
                  000060f2    00000002     ti.uia.loggers.aem4f : LoggerStopMode.oem4f (.text:ti_uia_loggers_LoggerStopMode_setPriority__E)
                  000060f4    0000006d     ti.targets.arm.rtsarm.aem4f : System.oem4f (.text:xdc_runtime_System_formatNum__I)
                  00006161    00000001     --HOLE-- [fill = 0]
                  00006162    00000002     app_pem4f.oem4f (.text:xdc_runtime_Startup_reset__I)
                  00006164    0000006c     Task_RTOS.obj (.text:ComAtmelCPL)
                  000061d0    0000006c     sysbios.aem4f : BIOS.obj (.text:ti_sysbios_knl_Swi_restoreHwi__E)
                  0000623c    0000006c     ti.targets.arm.rtsarm.aem4f : Memory.oem4f (.text:xdc_runtime_Memory_alloc__E)
                  000062a8    00000068     rtsv7M4_T_le_v4SPD16_eabi.lib : copy_decompress_lzss.obj (.text:decompress:lzss)
                  00006310    00000068                                   : trgmsg.obj (.text)
                  00006378    00000066     ti.uia.loggers.aem4f : LoggerStopMode.oem4f (.text:ti_uia_loggers_LoggerStopMode_flush__E)
                  000063de    00000066     ti.targets.arm.rtsarm.aem4f : Core-mem.oem4f (.text:xdc_runtime_Core_deleteObject__I)
                  00006444    00000004     app_pem4f.oem4f (.text:xdc_runtime_System_Module_GateProxy_enter__E)
                  00006448    00000064     sysbios.aem4f : BIOS.obj (.text:ti_sysbios_family_arm_lm4_Timer_Module_startup__E)
                  000064ac    00000004     app_pem4f.oem4f (.text:xdc_runtime_System_Module_GateProxy_leave__E)
                  000064b0    00000060     sysbios.aem4f : BIOS.obj (.text:ti_sysbios_family_arm_lm4_Timer_isrStub__E)
                  00006510    00000060                   : BIOS.obj (.text:ti_sysbios_knl_Clock_logTick__E)
                  00006570    00000060                   : BIOS.obj (.text:ti_sysbios_utils_Load_logCPULoad__I)
                  000065d0    0000005c     Task_RTOS.obj (.text:InitFonctionnement)
                  0000662c    00000004     ti.targets.arm.rtsarm.aem4f : System.oem4f (.text:xdc_runtime_System_aprintf_va__F)
                  00006630    0000005c     sysbios.aem4f : BIOS.obj (.text:ti_sysbios_knl_Swi_schedule__I)
                  0000668c    00000004     ti.targets.arm.rtsarm.aem4f : System.oem4f (.text:xdc_runtime_System_printf_va__F)
                  00006690    0000005c     sysbios.aem4f : BIOS.obj (.text:ti_sysbios_knl_Task_Module_startup__E)
                  000066ec    0000005b     ti.targets.arm.rtsarm.aem4f : Text.oem4f (.text:xdc_runtime_Text_putLab__E)
                  00006747    00000001     --HOLE-- [fill = 0]
                  00006748    00000058     boot.aem4f : boot.oem4f (.text)
                  000067a0    00000058     sysbios.aem4f : m3_Hwi_asm_switch.obj (.text:ti_sysbios_family_arm_m3_Hwi_initStacks__E)
                  000067f8    00000054     HardwareSetup.obj (.text:UartConfig)
                  0000684c    00000054     rtsv7M4_T_le_v4SPD16_eabi.lib : exit.obj (.text)
                  000068a0    00000054     ti.targets.arm.rtsarm.aem4f : Assert.oem4f (.text:xdc_runtime_Assert_raise__I)
                  000068f4    00000050     driverlib.lib : adc.obj (.text:ADCSequenceConfigure)
                  00006944    00000004     --HOLE-- [fill = 0]
                  00006948    00000050     sysbios.aem4f : BIOS.obj (.text:ti_sysbios_family_arm_m3_Hwi_Module_startup__E)
                  00006998    00000050     ti.targets.arm.rtsarm.aem4f : Startup.oem4f (.text:xdc_runtime_Startup_exec__E)
                  000069e8    0000004c     HardwareSetup.obj (.text:PWMConfig)
                  00006a34    0000004c     rtsv7M4_T_le_v4SPD16_eabi.lib : cpy_tbl.obj (.text)
                  00006a80    0000004c     sysbios.aem4f : BIOS.obj (.text:ti_sysbios_knl_Swi_runLoop__I)
                  00006acc    00000004     --HOLE-- [fill = 0]
                  00006ad0    0000004c                   : BIOS.obj (.text:ti_sysbios_knl_Task_allBlockedFunction__I)
                  00006b1c    0000004c     ti.uia.loggers.aem4f : LoggerStopMode.oem4f (.text:ti_uia_loggers_LoggerStopMode_Module_startup__E)
                  00006b68    00000048     driverlib.lib : gpio.obj (.text:GPIOPinConfigure)
                  00006bb0    00000048     Task_RTOS.obj (.text:SupervisionISR)
                  00006bf8    00000048     sysbios.aem4f : BIOS.obj (.text:ti_sysbios_family_arm_m3_Hwi_disableInterrupt__E)
                  00006c40    00000048                   : BIOS.obj (.text:ti_sysbios_family_arm_m3_Hwi_enableInterrupt__E)
                  00006c88    00000048                   : BIOS.obj (.text:ti_sysbios_family_arm_m3_Hwi_excReserved__I)
                  00006cd0    00000048     app_pem4f.oem4f (.text:xdc_runtime_LoggerBuf_Object__create__S)
                  00006d18    00000046     driverlib.lib : uart.obj (.text:UARTConfigSetExpClk)
                  00006d5e    00000046     ti.targets.arm.rtsarm.aem4f : Core-params.oem4f (.text:xdc_runtime_Core_assignParams__I)
                  00006da4    00000004     --HOLE-- [fill = 0]
                  00006da8    00000044     sysbios.aem4f : BIOS.obj (.text:ti_sysbios_family_arm_m3_Hwi_getStackInfo__E)
                  00006dec    00000044     ti.uia.loggers.aem4f : LoggerStopMode.oem4f (.text:ti_uia_loggers_LoggerStopMode_initBuffer__I)
                  00006e30    00000044     ti.targets.arm.rtsarm.aem4f : Error.oem4f (.text:xdc_runtime_Error_setX__E)
                  00006e74    00000044     app_pem4f.oem4f (.text:xdc_runtime_HeapStd_Object__create__S)
                  00006eb8    00000044     ti.targets.arm.rtsarm.aem4f : LoggerBuf.oem4f (.text:xdc_runtime_LoggerBuf_filterOutEvent__I)
                  00006efc    00000044                                 : SysMin.oem4f (.text:xdc_runtime_SysMin_flush__E)
                  00006f40    00000044                                 : Text.oem4f (.text:xdc_runtime_Text_xprintf__I)
                  00006f84    00000040     rtsv7M4_T_le_v4SPD16_eabi.lib : u_divt2.obj (.text)
                  00006fc4    00000004     --HOLE-- [fill = 0]
                  00006fc8    00000040     sysbios.aem4f : BIOS.obj (.text:ti_sysbios_family_arm_lm4_Timer_startup__E)
                  00007008    0000003c                   : BIOS.obj (.text:ti_sysbios_family_arm_m3_Hwi_excSvCall__I)
                  00007044    00000004     --HOLE-- [fill = 0]
                  00007048    0000003c                   : BIOS.obj (.text:ti_sysbios_knl_Swi_restore__E)
                  00007084    0000003a     ti.targets.arm.rtsarm.aem4f : LoggerBuf.oem4f (.text:xdc_runtime_LoggerBuf_Instance_init__E)
                  000070be    00000002     --HOLE-- [fill = 0]
                  000070c0    00000038     Task_RTOS.obj (.text:ADC_COMP_SWI)
                  000070f8    00000038     rtsv7M4_T_le_v4SPD16_eabi.lib : fs_tod_t2.obj (.text)
                  00007130    00000038     sysbios.aem4f : BIOS.obj (.text:ti_sysbios_family_arm_m3_Hwi_excNoIsr__I)
                  00007168    00000038                   : BIOS.obj (.text:ti_sysbios_knl_Task_processVitalTaskFlag__I)
                  000071a0    00000038     ti.targets.arm.rtsarm.aem4f : SysMin.oem4f (.text:xdc_runtime_SysMin_putch__E)
                  000071d8    00000038                                 : System.oem4f (.text:xdc_runtime_System_atexit__E)
                  00007210    00000034     Task_RTOS.obj (.text:ADC_COMP_ISR_HWI)
                  00007244    00000034     driverlib.lib : sysctl.obj (.text:SysCtlPeripheralEnable)
                  00007278    00000034     sysbios.aem4f : BIOS.obj (.text:ti_sysbios_family_arm_m3_Hwi_excNmi__I)
                  000072ac    00000004     --HOLE-- [fill = 0]
                  000072b0    00000034                   : BIOS.obj (.text:ti_sysbios_hal_Hwi_checkStack)
                  000072e4    00000034     ti.uia.loggers.aem4f : LoggerStopMode.oem4f (.text:ti_uia_loggers_LoggerStopMode_reset__E)
                  00007318    00000034     ti.targets.arm.rtsarm.aem4f : Core-label.oem4f (.text:xdc_runtime_Core_assignLabel__I)
                  0000734c    00000033                                 : Text.oem4f (.text:xdc_runtime_Text_printVisFxn__I)
                  0000737f    00000001     --HOLE-- [fill = 0]
                  00007380    00000032     sysbios.aem4f : BIOS.obj (.text:ti_sysbios_hal_Hwi_initStack)
                  000073b2    00000006     driverlib.lib : gpio.obj (.text:GPIOPinWrite)
                  000073b8    00000032     sysbios.aem4f : BIOS.obj (.text:ti_sysbios_knl_Semaphore_pendTimeout__I)
                  000073ea    00000002     --HOLE-- [fill = 0]
                  000073ec    00000030     app_pem4f.oem4f (.text:ti_sysbios_BIOS_atExitFunc__I)
                  0000741c    00000030     app_pem4f.oem4f (.text:ti_sysbios_BIOS_startFunc__I)
                  0000744c    00000004     --HOLE-- [fill = 0]
                  00007450    00000030     sysbios.aem4f : BIOS.obj (.text:ti_sysbios_family_arm_lm4_Timer_stop__E)
                  00007480    00000030                   : BIOS.obj (.text:ti_sysbios_family_arm_m3_TaskSupport_start__E)
                  000074b0    00000030     app_pem4f.oem4f (.text:ti_sysbios_gates_GateHwi_Object__create__S)
                  000074e0    00000030     app_pem4f.oem4f (.text:ti_sysbios_gates_GateMutex_Object__create__S)
                  00007510    00000030     app_pem4f.oem4f (.text:ti_sysbios_knl_Semaphore_construct)
                  00007540    00000030     sysbios.aem4f : BIOS.obj (.text:ti_sysbios_utils_Load_updateCurrentThreadTime__E)
                  00007570    00000030     app_pem4f.oem4f (.text:ti_uia_loggers_LoggerStopMode_Object__create__S)
                  000075a0    00000030     ti.targets.arm.rtsarm.aem4f : SysMin.oem4f (.text:xdc_runtime_SysMin_abort__E)
                  000075d0    00000030                                 : System.oem4f (.text:xdc_runtime_System_processAtExit__E)
                  00007600    0000002e     driverlib.lib : adc.obj (.text:ADCIntStatus)
                  0000762e    00000002     --HOLE-- [fill = 0]
                  00007630    0000002e     main.obj (.text:main)
                  0000765e    0000002e     rtsv7M4_T_le_v4SPD16_eabi.lib : i_tofd_t2.obj (.text)
                  0000768c    0000002c     app_pem4f.oem4f (.text:ti_sysbios_knl_Clock_doTick__I)
                  000076b8    0000002c     app_pem4f.oem4f (.text:ti_sysbios_knl_Queue_construct)
                  000076e4    00000004     --HOLE-- [fill = 0]
                  000076e8    0000002c     sysbios.aem4f : BIOS.obj (.text:ti_sysbios_knl_Task_restore__E)
                  00007714    0000002c     ti.targets.arm.rtsarm.aem4f : Text.oem4f (.text:xdc_runtime_Text_cordText__E)
                  00007740    0000002a     driverlib.lib : gpio.obj (.text:GPIODirModeSet)
                  0000776a    0000002a     ti.targets.arm.rtsarm.aem4f : System.oem4f (.text:xdc_runtime_System_putchar__I)
                  00007794    00000004     --HOLE-- [fill = 0]
                  00007798    00000028     sysbios.aem4f : BIOS.obj (.text:ti_sysbios_knl_Swi_Module_startup__E)
                  000077c0    00000028     ti.targets.arm.rtsarm.aem4f : LoggerBuf.oem4f (.text:xdc_runtime_LoggerBuf_Module_startup__E)
                  000077e8    00000026     sysbios.aem4f : m3_Hwi_asm.obj (.text:ti_sysbios_family_arm_m3_Hwi_pendSV__I)
                  0000780e    00000026     ti.targets.arm.rtsarm.aem4f : System.oem4f (.text:xdc_runtime_System_avprintf__E)
                  00007834    00000024     driverlib.lib : adc.obj (.text:ADCComparatorReset)
                  00007858    00000024     Task_RTOS.obj (.text:UART_CPL_ISR_HWI)
                  0000787c    00000024     app_pem4f.oem4f (.text:ti_sysbios_BIOS_registerRTSLock__I)
                  000078a0    00000024     app_pem4f.oem4f (.text:ti_sysbios_BIOS_removeRTSLock__I)
                  000078c4    00000024     app_pem4f.oem4f (.text:ti_sysbios_gates_GateMutex_Object__delete__S)
                  000078e8    00000024     sysbios.aem4f : BIOS.obj (.text:ti_sysbios_knl_Clock_Module_startup__E)
                  0000790c    00000004     --HOLE-- [fill = 0]
                  00007910    00000024                   : BIOS.obj (.text:ti_sysbios_knl_Task_restoreHwi__E)
                  00007934    00000024     ti.targets.arm.rtsarm.aem4f : System.oem4f (.text:xdc_runtime_System_vprintf__E)
                  00007958    00000022     Task_RTOS.obj (.text:GetSigne)
                  0000797a    00000022     driverlib.lib : pwm.obj (.text:PWMGenConfigure)
                  0000799c    00000004     --HOLE-- [fill = 0]
                  000079a0    00000022     sysbios.aem4f : BIOS.obj (.text:ti_sysbios_family_arm_lm4_Timer_write__I)
                  000079c2    00000022     app_pem4f.oem4f (.text:xdc_runtime_SysMin_output__I)
                  000079e4    00000020     Task_RTOS.obj (.text:TaskAlarm)
                  00007a04    00000020     driverlib.lib : uart.obj (.text:UARTDisable)
                  00007a24    00000020     app_pem4f.oem4f (.text:ti_sysbios_BIOS_rtsLock__I)
                  00007a44    00000020     sysbios.aem4f : m3_Hwi_asm.obj (.text:ti_sysbios_family_arm_m3_Hwi_excHandlerAsm__I)
                  00007a64    00000004     --HOLE-- [fill = 0]
                  00007a68    00000020                   : BIOS.obj (.text:ti_sysbios_family_arm_m3_Hwi_excHandler__I)
                  00007a88    00000020     app_pem4f.oem4f (.text:ti_sysbios_gates_GateHwi_Object__delete__S)
                  00007aa8    00000020     sysbios.aem4f : BIOS.obj (.text:ti_sysbios_knl_Idle_run__E)
                  00007ac8    00000020     app_pem4f.oem4f (.text:ti_sysbios_knl_Semaphore_destruct)
                  00007ae8    00000020     app_pem4f.oem4f (.text:ti_uia_loggers_LoggerStopMode_Object__delete__S)
                  00007b08    00000020     app_pem4f.oem4f (.text:xdc_runtime_LoggerBuf_Object__delete__S)
                  00007b28    00000020     ti.targets.arm.rtsarm.aem4f : LoggerBuf.oem4f (.text:xdc_runtime_LoggerBuf_reset__E)
                  00007b48    00000020                                 : Registry.oem4f (.text:xdc_runtime_Registry_findById__E)
                  00007b68    00000020                                 : SysMin.oem4f (.text:xdc_runtime_SysMin_Module_startup__E)
                  00007b88    0000001e     driverlib.lib : adc.obj (.text:ADCSequenceDataGet)
                  00007ba6    0000001e                   : pwm.obj (.text:PWMPulseWidthSet)
                  00007bc4    0000001e     app_pem4f.oem4f (.text:ti_sysbios_BIOS_errorRaiseHook__I)
                  00007be2    0000001e     sysbios.aem4f : m3_Hwi_asm_switch.obj (.text:ti_sysbios_family_xxx_Hwi_switchAndRunFunc)
                  00007c00    0000001c                   : BIOS.obj (.text:ti_sysbios_gates_GateMutex_Instance_init__E)
                  00007c1c    0000001c     app_pem4f.oem4f (.text:ti_sysbios_knl_Queue_destruct)
                  00007c38    0000001c     sysbios.aem4f : BIOS.obj (.text:ti_sysbios_knl_Task_enter__I)
                  00007c54    0000001c     ti.uia.loggers.aem4f : LoggerStopMode.oem4f (.text:ti_uia_loggers_LoggerStopMode_Instance_init__E)
                  00007c70    0000001c     ti.targets.arm.rtsarm.aem4f : Error.oem4f (.text:xdc_runtime_Error_check__E)
                  00007c8c    0000001c                                 : Error.oem4f (.text:xdc_runtime_Error_raiseX__E)
                  00007ca8    0000001c     app_pem4f.oem4f (.text:xdc_runtime_HeapStd_Object__delete__S)
                  00007cc4    0000001c     ti.targets.arm.rtsarm.aem4f : Memory.oem4f (.text:xdc_runtime_Memory_valloc__E)
                  00007ce0    0000001c                                 : SysMin.oem4f (.text:xdc_runtime_SysMin_exit__E)
                  00007cfc    0000001c                                 : System.oem4f (.text:xdc_runtime_System_abort__E)
                  00007d18    0000001a     sysbios.aem4f : BIOS.obj (.text:ti_sysbios_knl_Task_sleepTimeout__I)
                  00007d32    0000001a     app_pem4f.oem4f (.text:xdc_runtime_System_aprintf__E)
                  00007d4c    0000001a     app_pem4f.oem4f (.text:xdc_runtime_System_printf__E)
                  00007d66    00000018     driverlib.lib : adc.obj (.text:ADCProcessorTrigger)
                  00007d7e    00000018                   : gpio.obj (.text:GPIOPinTypeGPIOOutput)
                  00007d96    00000002     --HOLE-- [fill = 0]
                  00007d98    00000018     Task_RTOS.obj (.text:PostAlarm)
                  00007db0    00000018     rtsv7M4_T_le_v4SPD16_eabi.lib : args_main.obj (.text)
                  00007dc8    00000018     app_pem4f.oem4f (.text:ti_sysbios_BIOS_rtsUnlock__I)
                  00007de0    00000018     app_pem4f.oem4f (.text:ti_sysbios_family_arm_lm4_Timer_Module__startupDone__F)
                  00007df8    00000018     app_pem4f.oem4f (.text:ti_sysbios_family_arm_m3_Hwi_Handle__label__S)
                  00007e10    00000018     app_pem4f.oem4f (.text:ti_sysbios_family_arm_m3_Hwi_Module__startupDone__F)
                  00007e28    00000018     sysbios.aem4f : m3_TaskSupport_asm.obj (.text:ti_sysbios_family_arm_m3_TaskSupport_swap__E)
                  00007e40    00000018     app_pem4f.oem4f (.text:ti_sysbios_gates_GateHwi_Handle__label__S)
                  00007e58    00000018     app_pem4f.oem4f (.text:ti_sysbios_gates_GateMutex_Handle__label__S)
                  00007e70    00000018     sysbios.aem4f : BIOS.obj (.text:ti_sysbios_gates_GateMutex_leave__E)
                  00007e88    00000018     app_pem4f.oem4f (.text:ti_sysbios_knl_Swi_Handle__label__S)
                  00007ea0    00000018     app_pem4f.oem4f (.text:ti_sysbios_knl_Task_Handle__label__S)
                  00007eb8    00000018     app_pem4f.oem4f (.text:ti_uia_loggers_LoggerStopMode_Handle__label__S)
                  00007ed0    00000018     ti.targets.arm.rtsarm.aem4f : Error.oem4f (.text:xdc_runtime_Error_init__E)
                  00007ee8    00000018     app_pem4f.oem4f (.text:xdc_runtime_HeapStd_Handle__label__S)
                  00007f00    00000018     app_pem4f.oem4f (.text:xdc_runtime_LoggerBuf_Handle__label__S)
                  00007f18    00000018     ti.targets.arm.rtsarm.aem4f : System.oem4f (.text:xdc_runtime_System_exit__E)
                  00007f30    00000018                                 : Text.oem4f (.text:xdc_runtime_Text_ropeText__E)
                  00007f48    00000016     app_pem4f.oem4f (.text:ti_sysbios_BIOS_exitFunc__I)
                  00007f5e    00000016     ti.uia.loggers.aem4f : LoggerStopMode.oem4f (.text:ti_uia_loggers_LoggerStopMode_disable__E)
                  00007f74    00000016                          : LoggerStopMode.oem4f (.text:ti_uia_loggers_LoggerStopMode_enable__E)
                  00007f8a    00000014     HardwareSetup.obj (.text:InitHardware)
                  00007f9e    00000002     --HOLE-- [fill = 0]
                  00007fa0    00000014     driverlib.lib : sysctl.obj (.text:SysCtlPWMClockSet)
                  00007fb4    00000014                   : uart.obj (.text:UARTEnable)
                  00007fc8    00000014     rtsv7M4_T_le_v4SPD16_eabi.lib : _lock.obj (.text)
                  00007fdc    00000014                                   : strcpy.obj (.text)
                  00007ff0    00000014                                   : strlen.obj (.text)
                  00008004    00000014     app_pem4f.oem4f (.text:ti_sysbios_family_arm_m3_Hwi_Object__get__S)
                  00008018    00000014     sysbios.aem4f : BIOS.obj (.text:ti_sysbios_family_arm_m3_Hwi_switchFromBootStack__E)
                  0000802c    00000014     app_pem4f.oem4f (.text:ti_sysbios_knl_Mailbox_Object__get__S)
                  00008040    00000014     app_pem4f.oem4f (.text:ti_sysbios_knl_Swi_Object__get__S)
                  00008054    00000014     app_pem4f.oem4f (.text:xdc_runtime_LoggerBuf_Object__get__S)
                  00008068    00000012     driverlib.lib : gpio.obj (.text:GPIOPinTypeADC)
                  0000807a    00000012                   : gpio.obj (.text:GPIOPinTypePWM)
                  0000808c    00000012                   : gpio.obj (.text:GPIOPinTypeUART)
                  0000809e    00000012                   : pwm.obj (.text:PWMOutputState)
                  000080b0    00000012     sysbios.aem4f : BIOS.obj (.text:ti_sysbios_hal_Hwi_Module_startup__E)
                  000080c2    00000006     Boot.aem4f : Boot_sysctl.oem4f (.text:ti_catalog_arm_cortexm4_tiva_ce_Boot_sysCtlDelayI__I)
                  000080c8    00000012     sysbios.aem4f : BIOS.obj (.text:ti_sysbios_hal_Timer_Module_startup__E)
                  000080da    00000012     ti.targets.arm.rtsarm.aem4f : LoggerBuf.oem4f (.text:xdc_runtime_LoggerBuf_Instance_finalize__E)
                  000080ec    00000012                                 : LoggerBuf.oem4f (.text:xdc_runtime_LoggerBuf_write1__E)
                  000080fe    00000012                                 : LoggerBuf.oem4f (.text:xdc_runtime_LoggerBuf_write2__E)
                  00008110    00000012     app_pem4f.oem4f (.text:xdc_runtime_Startup_exec__I)
                  00008122    00000010     driverlib.lib : adc.obj (.text:ADCComparatorIntDisable)
                  00008132    00000010                   : adc.obj (.text:ADCIntEnable)
                  00008142    00000010                   : pwm.obj (.text:PWMGenPeriodSet)
                  00008152    00000006     ti.targets.arm.rtsarm.aem4f : System.oem4f (.text:xdc_runtime_System_Module_startup__E)
                  00008158    00000010     sysbios.aem4f : BIOS.obj (.text:ti_sysbios_BIOS_getCpuFreq__E)
                  00008168    00000010                   : BIOS.obj (.text:ti_sysbios_BIOS_setThreadType__E)
                  00008178    00000010                   : BIOS.obj (.text:ti_sysbios_BIOS_start__E)
                  00008188    00000010                   : BIOS.obj (.text:ti_sysbios_family_arm_lm4_TimestampProvider_rolloverFunc__E)
                  00008198    00000010                   : m3_TaskSupport_asm.obj (.text:ti_sysbios_family_arm_m3_TaskSupport_glue)
                  000081a8    00000010                   : BIOS.obj (.text:ti_sysbios_gates_GateMutex_Instance_finalize__E)
                  000081b8    00000010                   : BIOS.obj (.text:ti_sysbios_knl_Semaphore_Instance_finalize__E)
                  000081c8    00000010                   : BIOS.obj (.text:ti_sysbios_knl_Swi_disable__E)
                  000081d8    00000010     app_pem4f.oem4f (.text:ti_sysbios_knl_Task_Object__get__S)
                  000081e8    00000010     sysbios.aem4f : BIOS.obj (.text:ti_sysbios_knl_Task_disable__E)
                  000081f8    00000010     app_pem4f.oem4f (.text:ti_uia_loggers_LoggerStopMode_Object__get__S)
                  00008208    00000010     ti.uia.loggers.aem4f : LoggerStopMode.oem4f (.text:ti_uia_loggers_LoggerStopMode_isEmpty__E)
                  00008218    00000010     ti.targets.arm.rtsarm.aem4f : Gate.oem4f (.text:xdc_runtime_Gate_leaveSystem__E)
                  00008228    00000010                                 : LoggerBuf.oem4f (.text:xdc_runtime_LoggerBuf_write0__E)
                  00008238    00000010                                 : Memory.oem4f (.text:xdc_runtime_Memory_free__E)
                  00008248    00000010                                 : SysMin.oem4f (.text:xdc_runtime_SysMin_ready__E)
                  00008258    00000010                                 : System.oem4f (.text:xdc_runtime_System_vsnprintf__E)
                  00008268    0000000e     driverlib.lib : adc.obj (.text:ADCComparatorRegionSet)
                  00008276    0000000e                   : adc.obj (.text:ADCHardwareOversampleConfigure)
                  00008284    0000000e                   : adc.obj (.text:ADCIntDisable)
                  00008292    0000000e                   : adc.obj (.text:ADCSequenceDisable)
                  000082a0    0000000e                   : adc.obj (.text:ADCSequenceEnable)
                  000082ae    0000000e                   : uart.obj (.text:UARTCharsAvail)
                  000082bc    0000000e     rtsv7M4_T_le_v4SPD16_eabi.lib : copy_decompress_none.obj (.text:decompress:none)
                  000082ca    00000006     --HOLE-- [fill = 0]
                  000082d0    0000000e     sysbios.aem4f : BIOS.obj (.text:ti_sysbios_knl_Idle_loop__E)
                  000082de    00000002     --HOLE-- [fill = 0]
                  000082e0    0000000e                   : BIOS.obj (.text:ti_sysbios_knl_Queue_empty__E)
                  000082ee    0000000e     ti.targets.arm.rtsarm.aem4f : HeapStd.oem4f (.text:xdc_runtime_HeapStd_getStats__E)
                  000082fc    0000000c     app_pem4f.oem4f (.text:.bootCodeSection:ti_catalog_arm_cortexm4_tiva_ce_Boot_init__I)
                  00008308    0000000c     driverlib.lib : pwm.obj (.text:PWMGenEnable)
                  00008314    0000000c                   : uart.obj (.text:UARTFlowControlSet)
                  00008320    0000000c     rtsv7M4_T_le_v4SPD16_eabi.lib : copy_zero_init.obj (.text:decompress:ZI)
                  0000832c    00000004     --HOLE-- [fill = 0]
                  00008330    0000000c     sysbios.aem4f : BIOS.obj (.text:ti_sysbios_family_arm_lm4_Timer_getMaxTicks__E)
                  0000833c    00000004     --HOLE-- [fill = 0]
                  00008340    0000000c                   : BIOS.obj (.text:ti_sysbios_family_arm_lm4_TimestampProvider_startTimer__E)
                  0000834c    00000004     --HOLE-- [fill = 0]
                  00008350    0000000c                   : BIOS.obj (.text:ti_sysbios_family_arm_m3_Hwi_disableFxn__E)
                  0000835c    00000004     --HOLE-- [fill = 0]
                  00008360    0000000c                   : BIOS.obj (.text:ti_sysbios_family_arm_m3_TaskSupport_checkStack__E)
                  0000836c    00000004     --HOLE-- [fill = 0]
                  00008370    0000000c                   : BIOS.obj (.text:ti_sysbios_gates_GateHwi_enter__E)
                  0000837c    0000000c     app_pem4f.oem4f (.text:ti_sysbios_knl_Queue_Object__get__S)
                  00008388    0000000c     ti.targets.arm.rtsarm.aem4f : Gate.oem4f (.text:xdc_runtime_Gate_enterSystem__E)
                  00008394    0000000c                                 : Memory.oem4f (.text:xdc_runtime_Memory_calloc__E)
                  000083a0    0000000c                                 : Memory.oem4f (.text:xdc_runtime_Memory_getMaxDefaultTypeAlign__E)
                  000083ac    0000000c                                 : Startup.oem4f (.text:xdc_runtime_Startup_rtsDone__E)
                  000083b8    0000000a     driverlib.lib : adc.obj (.text:ADCComparatorConfigure)
                  000083c2    0000000a                   : adc.obj (.text:ADCIntClear)
                  000083cc    0000000a                   : uart.obj (.text:UARTCharGet)
                  000083d6    0000000a                   : uart.obj (.text:UARTCharPut)
                  000083e0    0000000a                   : uart.obj (.text:UARTIntStatus)
                  000083ea    0000000a     app_pem4f.oem4f (.text:xdc_runtime_IHeap_alloc)
                  000083f4    0000000a     app_pem4f.oem4f (.text:xdc_runtime_IHeap_free)
                  000083fe    0000000a     ti.targets.arm.rtsarm.aem4f : LoggerBuf.oem4f (.text:xdc_runtime_LoggerBuf_disable__E)
                  00008408    0000000a                                 : LoggerBuf.oem4f (.text:xdc_runtime_LoggerBuf_enable__E)
                  00008412    00000008     driverlib.lib : uart.obj (.text:UARTIntEnable)
                  0000841a    00000008     sysbios.aem4f : BIOS.obj (.text:ti_sysbios_family_arm_lm4_Timer_masterDisable__I)
                  00008422    00000006     --HOLE-- [fill = 0]
                  00008428    00000008                   : BIOS.obj (.text:ti_sysbios_family_arm_m3_Hwi_doSwiRestore__I)
                  00008430    00000008                   : BIOS.obj (.text:ti_sysbios_family_arm_m3_Hwi_startup__E)
                  00008438    00000008     app_pem4f.oem4f (.text:xdc_runtime_Text_visitRope__I)
                  00008440    00000006     sysbios.aem4f : BIOS.obj (.text:ti_sysbios_family_arm_lm4_TimestampProvider_Module_startup__E)
                  00008446    00000002     --HOLE-- [fill = 0]
                  00008448    00000006                   : BIOS.obj (.text:ti_sysbios_family_arm_m3_Hwi_doTaskRestore__I)
                  0000844e    00000002     --HOLE-- [fill = 0]
                  00008450    00000006                   : BIOS.obj (.text:ti_sysbios_family_arm_m3_Hwi_restoreFxn__E)
                  00008456    00000002     --HOLE-- [fill = 0]
                  00008458    00000006                   : BIOS.obj (.text:ti_sysbios_gates_GateHwi_leave__E)
                  0000845e    00000002     --HOLE-- [fill = 0]
                  00008460    00000006                   : BIOS.obj (.text:ti_sysbios_hal_Timer_start__E)
                  00008466    00000002     --HOLE-- [fill = 0]
                  00008468    00000006                   : BIOS.obj (.text:ti_sysbios_knl_Queue_Instance_init__E)
                  0000846e    00000002     --HOLE-- [fill = 0]
                  00008470    00000006                   : BIOS.obj (.text:ti_sysbios_knl_Swi_startup__E)
                  00008476    00000002     --HOLE-- [fill = 0]
                  00008478    00000004                   : BIOS.obj (.text:ti_sysbios_family_arm_lm4_Timer_getPeriod__E)
                  0000847c    00000004     --HOLE-- [fill = 0]
                  00008480    00000004                   : BIOS.obj (.text:ti_sysbios_gates_GateHwi_query__E)
                  00008484    00000004     --HOLE-- [fill = 0]
                  00008488    00000004                   : BIOS.obj (.text:ti_sysbios_gates_GateMutex_query__E)
                  0000848c    00000004     --HOLE-- [fill = 0]
                  00008490    00000004                   : BIOS.obj (.text:ti_sysbios_knl_Task_startup__E)
                  00008494    00000004     --HOLE-- [fill = 0]
                  00008498    00000002                   : BIOS.obj (.text:ti_sysbios_BIOS_linkedWithIncorrectBootLibrary__E)
                  0000849a    00000006     --HOLE-- [fill = 0]
                  000084a0    00000002                   : BIOS.obj (.text:ti_sysbios_gates_GateHwi_Instance_init__E)

.resetVecs 
*          0    00000000    0000003c     
                  00000000    0000003c     app_pem4f.oem4f (.resetVecs)

.binit     0    00000000    00000000     

.const     0    000084a4    00000792     
                  000084a4    00000090     driverlib.lib : gpio.obj (.const:g_pui32GPIOBaseAddrs)
                  00008534    0000006c                   : sysctl.obj (.const:g_pui32Xtals)
                  000085a0    00000060     app_pem4f.oem4f (.const:ti_uia_loggers_LoggerStopMode_Module__FXNS__C)
                  00008600    0000004c     app_pem4f.oem4f (.const)
                  0000864c    00000048     app_pem4f.oem4f (.const:.string)
                  00008694    0000003c     app_pem4f.oem4f (.const:xdc_runtime_LoggerBuf_Module__FXNS__C)
                  000086d0    00000034     app_pem4f.oem4f (.const:xdc_runtime_Startup_sfxnTab__A)
                  00008704    00000028     app_pem4f.oem4f (.const:ti_uia_loggers_LoggerStopMode_Object__PARAMS__C)
                  0000872c    00000028     app_pem4f.oem4f (.const:xdc_runtime_HeapStd_Module__FXNS__C)
                  00008754    00000024     app_pem4f.oem4f (.const:ti_sysbios_gates_GateHwi_Module__FXNS__C)
                  00008778    00000024     app_pem4f.oem4f (.const:ti_sysbios_gates_GateMutex_Module__FXNS__C)
                  0000879c    00000024     app_pem4f.oem4f (.const:ti_sysbios_knl_Semaphore_Object__PARAMS__C)
                  000087c0    00000024     app_pem4f.oem4f (.const:xdc_runtime_LoggerBuf_Object__PARAMS__C)
                  000087e4    00000020     app_pem4f.oem4f (.const:ti_sysbios_gates_GateHwi_Object__DESC__C)
                  00008804    00000020     app_pem4f.oem4f (.const:ti_sysbios_gates_GateMutex_Object__DESC__C)
                  00008824    00000020     app_pem4f.oem4f (.const:ti_sysbios_knl_Queue_Object__DESC__C)
                  00008844    00000020     app_pem4f.oem4f (.const:ti_sysbios_knl_Semaphore_Object__DESC__C)
                  00008864    00000020     app_pem4f.oem4f (.const:ti_uia_loggers_LoggerStopMode_Object__DESC__C)
                  00008884    00000020     app_pem4f.oem4f (.const:xdc_runtime_HeapStd_Object__DESC__C)
                  000088a4    00000020     app_pem4f.oem4f (.const:xdc_runtime_LoggerBuf_Object__DESC__C)
                  000088c4    0000001c     app_pem4f.oem4f (.const:xdc_runtime_HeapStd_Object__PARAMS__C)
                  000088e0    0000001a     app_pem4f.oem4f (.const:xdc_runtime_Startup_sfxnRts__A)
                  000088fa    00000002     app_pem4f.oem4f (.const:ti_catalog_arm_cortexm4_tiva_ce_Boot_Module__id__C)
                  000088fc    00000018     app_pem4f.oem4f (.const:ti_sysbios_gates_GateHwi_Object__PARAMS__C)
                  00008914    00000018     app_pem4f.oem4f (.const:ti_sysbios_gates_GateMutex_Object__PARAMS__C)
                  0000892c    00000018     app_pem4f.oem4f (.const:ti_sysbios_knl_Queue_Object__PARAMS__C)
                  00008944    00000010     app_pem4f.oem4f (.const:xdc_runtime_Startup_firstFxns__A)
                  00008954    00000008     app_pem4f.oem4f (.const:ti_sysbios_family_arm_m3_Hwi_excHookFuncs__A)
                  0000895c    00000008     app_pem4f.oem4f (.const:ti_sysbios_knl_Idle_funcList__A)
                  00008964    00000008     app_pem4f.oem4f (.const:ti_sysbios_knl_Idle_funcList__C)
                  0000896c    00000008     app_pem4f.oem4f (.const:xdc_runtime_Startup_firstFxns__C)
                  00008974    00000008     app_pem4f.oem4f (.const:xdc_runtime_Startup_lastFxns__C)
                  0000897c    00000004     app_pem4f.oem4f (.const:ti_catalog_arm_cortexm4_tiva_ce_Boot_A_mustUseEnhancedClockMode__C)
                  00008980    00000004     app_pem4f.oem4f (.const:ti_catalog_arm_cortexm4_tiva_ce_Boot_Module__diagsEnabled__C)
                  00008984    00000004     app_pem4f.oem4f (.const:ti_catalog_arm_cortexm4_tiva_ce_Boot_Module__diagsIncluded__C)
                  00008988    00000004     app_pem4f.oem4f (.const:ti_catalog_arm_cortexm4_tiva_ce_Boot_Module__diagsMask__C)
                  0000898c    00000004     app_pem4f.oem4f (.const:ti_sysbios_family_arm_lm4_Timer_enableFunc__C)
                  00008990    00000004     app_pem4f.oem4f (.const:ti_sysbios_family_arm_lm4_Timer_numTimerDevices__C)
                  00008994    00000004     app_pem4f.oem4f (.const:ti_sysbios_family_arm_lm4_Timer_startupNeeded__C)
                  00008998    00000004     app_pem4f.oem4f (.const:ti_sysbios_family_arm_m3_Hwi_E_NMI__C)
                  0000899c    00000004     app_pem4f.oem4f (.const:ti_sysbios_family_arm_m3_Hwi_E_busFault__C)
                  000089a0    00000004     app_pem4f.oem4f (.const:ti_sysbios_family_arm_m3_Hwi_E_debugMon__C)
                  000089a4    00000004     app_pem4f.oem4f (.const:ti_sysbios_family_arm_m3_Hwi_E_hardFault__C)
                  000089a8    00000004     app_pem4f.oem4f (.const:ti_sysbios_family_arm_m3_Hwi_E_memFault__C)
                  000089ac    00000004     app_pem4f.oem4f (.const:ti_sysbios_family_arm_m3_Hwi_E_noIsr__C)
                  000089b0    00000004     app_pem4f.oem4f (.const:ti_sysbios_family_arm_m3_Hwi_E_reserved__C)
                  000089b4    00000004     app_pem4f.oem4f (.const:ti_sysbios_family_arm_m3_Hwi_E_svCall__C)
                  000089b8    00000004     app_pem4f.oem4f (.const:ti_sysbios_family_arm_m3_Hwi_E_usageFault__C)
                  000089bc    00000004     app_pem4f.oem4f (.const:ti_sysbios_family_arm_m3_Hwi_LD_end__C)
                  000089c0    00000004     app_pem4f.oem4f (.const:ti_sysbios_family_arm_m3_Hwi_LM_begin__C)
                  000089c4    00000004     app_pem4f.oem4f (.const:ti_sysbios_family_arm_m3_Hwi_Module__diagsEnabled__C)
                  000089c8    00000004     app_pem4f.oem4f (.const:ti_sysbios_family_arm_m3_Hwi_Module__diagsIncluded__C)
                  000089cc    00000004     app_pem4f.oem4f (.const:ti_sysbios_family_arm_m3_Hwi_Module__diagsMask__C)
                  000089d0    00000004     app_pem4f.oem4f (.const:ti_sysbios_family_arm_m3_Hwi_Module__loggerFxn1__C)
                  000089d4    00000004     app_pem4f.oem4f (.const:ti_sysbios_family_arm_m3_Hwi_Module__loggerFxn8__C)
                  000089d8    00000004     app_pem4f.oem4f (.const:ti_sysbios_family_arm_m3_Hwi_Module__loggerObj__C)
                  000089dc    00000004     app_pem4f.oem4f (.const:ti_sysbios_family_arm_m3_Hwi_NUM_INTERRUPTS__C)
                  000089e0    00000004     app_pem4f.oem4f (.const:ti_sysbios_family_arm_m3_Hwi_Object__count__C)
                  000089e4    00000004     app_pem4f.oem4f (.const:ti_sysbios_family_arm_m3_Hwi_ccr__C)
                  000089e8    00000004     app_pem4f.oem4f (.const:ti_sysbios_family_arm_m3_Hwi_excHandlerFunc__C)
                  000089ec    00000004     app_pem4f.oem4f (.const:ti_sysbios_family_arm_m3_Hwi_excHookFuncs__C)
                  000089f0    00000004     app_pem4f.oem4f (.const:ti_sysbios_family_arm_m3_Hwi_nullIsrFunc__C)
                  000089f4    00000004     app_pem4f.oem4f (.const:ti_sysbios_family_arm_m3_Hwi_priGroup__C)
                  000089f8    00000004     app_pem4f.oem4f (.const:ti_sysbios_gates_GateMutex_A_badContext__C)
                  000089fc    00000004     app_pem4f.oem4f (.const:ti_sysbios_gates_GateMutex_Instance_State_sem__O)
                  00008a00    00000004     app_pem4f.oem4f (.const:ti_sysbios_gates_GateMutex_Module__diagsEnabled__C)
                  00008a04    00000004     app_pem4f.oem4f (.const:ti_sysbios_gates_GateMutex_Module__diagsIncluded__C)
                  00008a08    00000004     app_pem4f.oem4f (.const:ti_sysbios_gates_GateMutex_Module__diagsMask__C)
                  00008a0c    00000004     app_pem4f.oem4f (.const:ti_sysbios_hal_Hwi_E_stackOverflow__C)
                  00008a10    00000004     app_pem4f.oem4f (.const:ti_sysbios_knl_Clock_LM_begin__C)
                  00008a14    00000004     app_pem4f.oem4f (.const:ti_sysbios_knl_Clock_LM_tick__C)
                  00008a18    00000004     app_pem4f.oem4f (.const:ti_sysbios_knl_Clock_LW_delayed__C)
                  00008a1c    00000004     app_pem4f.oem4f (.const:ti_sysbios_knl_Clock_Module_State_clockQ__O)
                  00008a20    00000004     app_pem4f.oem4f (.const:ti_sysbios_knl_Clock_Module__diagsEnabled__C)
                  00008a24    00000004     app_pem4f.oem4f (.const:ti_sysbios_knl_Clock_Module__diagsIncluded__C)
                  00008a28    00000004     app_pem4f.oem4f (.const:ti_sysbios_knl_Clock_Module__diagsMask__C)
                  00008a2c    00000004     app_pem4f.oem4f (.const:ti_sysbios_knl_Clock_Module__loggerFxn1__C)
                  00008a30    00000004     app_pem4f.oem4f (.const:ti_sysbios_knl_Clock_Module__loggerFxn2__C)
                  00008a34    00000004     app_pem4f.oem4f (.const:ti_sysbios_knl_Clock_Module__loggerObj__C)
                  00008a38    00000004     app_pem4f.oem4f (.const:ti_sysbios_knl_Mailbox_Instance_State_dataQue__O)
                  00008a3c    00000004     app_pem4f.oem4f (.const:ti_sysbios_knl_Mailbox_Instance_State_dataSem__O)
                  00008a40    00000004     app_pem4f.oem4f (.const:ti_sysbios_knl_Mailbox_Instance_State_freeQue__O)
                  00008a44    00000004     app_pem4f.oem4f (.const:ti_sysbios_knl_Mailbox_Instance_State_freeSem__O)
                  00008a48    00000004     app_pem4f.oem4f (.const:ti_sysbios_knl_Mailbox_Object__count__C)
                  00008a4c    00000004     app_pem4f.oem4f (.const:ti_sysbios_knl_Mailbox_maxTypeAlign__C)
                  00008a50    00000004     app_pem4f.oem4f (.const:ti_sysbios_knl_Semaphore_A_badContext__C)
                  00008a54    00000004     app_pem4f.oem4f (.const:ti_sysbios_knl_Semaphore_A_noEvents__C)
                  00008a58    00000004     app_pem4f.oem4f (.const:ti_sysbios_knl_Semaphore_A_overflow__C)
                  00008a5c    00000004     app_pem4f.oem4f (.const:ti_sysbios_knl_Semaphore_A_pendTaskDisabled__C)
                  00008a60    00000004     app_pem4f.oem4f (.const:ti_sysbios_knl_Semaphore_Instance_State_pendQ__O)
                  00008a64    00000004     app_pem4f.oem4f (.const:ti_sysbios_knl_Semaphore_LM_pend__C)
                  00008a68    00000004     app_pem4f.oem4f (.const:ti_sysbios_knl_Semaphore_LM_post__C)
                  00008a6c    00000004     app_pem4f.oem4f (.const:ti_sysbios_knl_Semaphore_Module__diagsEnabled__C)
                  00008a70    00000004     app_pem4f.oem4f (.const:ti_sysbios_knl_Semaphore_Module__diagsIncluded__C)
                  00008a74    00000004     app_pem4f.oem4f (.const:ti_sysbios_knl_Semaphore_Module__diagsMask__C)
                  00008a78    00000004     app_pem4f.oem4f (.const:ti_sysbios_knl_Semaphore_Module__loggerFxn2__C)
                  00008a7c    00000004     app_pem4f.oem4f (.const:ti_sysbios_knl_Semaphore_Module__loggerFxn4__C)
                  00008a80    00000004     app_pem4f.oem4f (.const:ti_sysbios_knl_Semaphore_Module__loggerObj__C)
                  00008a84    00000004     app_pem4f.oem4f (.const:ti_sysbios_knl_Swi_LD_end__C)
                  00008a88    00000004     app_pem4f.oem4f (.const:ti_sysbios_knl_Swi_LM_begin__C)
                  00008a8c    00000004     app_pem4f.oem4f (.const:ti_sysbios_knl_Swi_LM_post__C)
                  00008a90    00000004     app_pem4f.oem4f (.const:ti_sysbios_knl_Swi_Module__diagsEnabled__C)
                  00008a94    00000004     app_pem4f.oem4f (.const:ti_sysbios_knl_Swi_Module__diagsIncluded__C)
                  00008a98    00000004     app_pem4f.oem4f (.const:ti_sysbios_knl_Swi_Module__diagsMask__C)
                  00008a9c    00000004     app_pem4f.oem4f (.const:ti_sysbios_knl_Swi_Module__loggerFxn1__C)
                  00008aa0    00000004     app_pem4f.oem4f (.const:ti_sysbios_knl_Swi_Module__loggerFxn4__C)
                  00008aa4    00000004     app_pem4f.oem4f (.const:ti_sysbios_knl_Swi_Module__loggerObj__C)
                  00008aa8    00000004     app_pem4f.oem4f (.const:ti_sysbios_knl_Swi_Object__count__C)
                  00008aac    00000004     app_pem4f.oem4f (.const:ti_sysbios_knl_Task_A_badPriority__C)
                  00008ab0    00000004     app_pem4f.oem4f (.const:ti_sysbios_knl_Task_A_badTimeout__C)
                  00008ab4    00000004     app_pem4f.oem4f (.const:ti_sysbios_knl_Task_A_sleepTaskDisabled__C)
                  00008ab8    00000004     app_pem4f.oem4f (.const:ti_sysbios_knl_Task_E_spOutOfBounds__C)
                  00008abc    00000004     app_pem4f.oem4f (.const:ti_sysbios_knl_Task_E_stackOverflow__C)
                  00008ac0    00000004     app_pem4f.oem4f (.const:ti_sysbios_knl_Task_LD_block__C)
                  00008ac4    00000004     app_pem4f.oem4f (.const:ti_sysbios_knl_Task_LD_exit__C)
                  00008ac8    00000004     app_pem4f.oem4f (.const:ti_sysbios_knl_Task_LD_ready__C)
                  00008acc    00000004     app_pem4f.oem4f (.const:ti_sysbios_knl_Task_LM_setPri__C)
                  00008ad0    00000004     app_pem4f.oem4f (.const:ti_sysbios_knl_Task_LM_sleep__C)
                  00008ad4    00000004     app_pem4f.oem4f (.const:ti_sysbios_knl_Task_LM_switch__C)
                  00008ad8    00000004     app_pem4f.oem4f (.const:ti_sysbios_knl_Task_Module_State_inactiveQ__O)
                  00008adc    00000004     app_pem4f.oem4f (.const:ti_sysbios_knl_Task_Module__diagsEnabled__C)
                  00008ae0    00000004     app_pem4f.oem4f (.const:ti_sysbios_knl_Task_Module__diagsIncluded__C)
                  00008ae4    00000004     app_pem4f.oem4f (.const:ti_sysbios_knl_Task_Module__diagsMask__C)
                  00008ae8    00000004     app_pem4f.oem4f (.const:ti_sysbios_knl_Task_Module__loggerFxn2__C)
                  00008aec    00000004     app_pem4f.oem4f (.const:ti_sysbios_knl_Task_Module__loggerFxn4__C)
                  00008af0    00000004     app_pem4f.oem4f (.const:ti_sysbios_knl_Task_Module__loggerObj__C)
                  00008af4    00000004     app_pem4f.oem4f (.const:ti_sysbios_knl_Task_Object__count__C)
                  00008af8    00000004     app_pem4f.oem4f (.const:ti_sysbios_knl_Task_allBlockedFunc__C)
                  00008afc    00000004     app_pem4f.oem4f (.const:ti_sysbios_knl_Task_numConstructedTasks__C)
                  00008b00    00000004     app_pem4f.oem4f (.const:ti_sysbios_utils_Load_LS_cpuLoad__C)
                  00008b04    00000004     app_pem4f.oem4f (.const:ti_sysbios_utils_Load_Module__diagsEnabled__C)
                  00008b08    00000004     app_pem4f.oem4f (.const:ti_sysbios_utils_Load_Module__diagsIncluded__C)
                  00008b0c    00000004     app_pem4f.oem4f (.const:ti_sysbios_utils_Load_Module__diagsMask__C)
                  00008b10    00000004     app_pem4f.oem4f (.const:ti_sysbios_utils_Load_Module__loggerFxn1__C)
                  00008b14    00000004     app_pem4f.oem4f (.const:ti_sysbios_utils_Load_Module__loggerObj__C)
                  00008b18    00000004     app_pem4f.oem4f (.const:ti_sysbios_utils_Load_postUpdate__C)
                  00008b1c    00000004     app_pem4f.oem4f (.const:ti_sysbios_utils_Load_windowInMs__C)
                  00008b20    00000004     app_pem4f.oem4f (.const:ti_uia_loggers_LoggerStopMode_Module__diagsEnabled__C)
                  00008b24    00000004     app_pem4f.oem4f (.const:ti_uia_loggers_LoggerStopMode_Module__diagsIncluded__C)
                  00008b28    00000004     app_pem4f.oem4f (.const:ti_uia_loggers_LoggerStopMode_Module__diagsMask__C)
                  00008b2c    00000004     app_pem4f.oem4f (.const:ti_uia_loggers_LoggerStopMode_Object__count__C)
                  00008b30    00000004     app_pem4f.oem4f (.const:ti_uia_runtime_ILoggerSnapshot_Interface__BASE__C)
                  00008b34    00000004     app_pem4f.oem4f (.const:ti_uia_runtime_IUIATransfer_Interface__BASE__C)
                  00008b38    00000004     app_pem4f.oem4f (.const:xdc_runtime_Assert_E_assertFailed__C)
                  00008b3c    00000004     app_pem4f.oem4f (.const:xdc_runtime_Core_A_initializedParams__C)
                  00008b40    00000004     app_pem4f.oem4f (.const:xdc_runtime_Core_Module__diagsEnabled__C)
                  00008b44    00000004     app_pem4f.oem4f (.const:xdc_runtime_Core_Module__diagsIncluded__C)
                  00008b48    00000004     app_pem4f.oem4f (.const:xdc_runtime_Core_Module__diagsMask__C)
                  00008b4c    00000004     app_pem4f.oem4f (.const:xdc_runtime_Error_E_memory__C)
                  00008b50    00000004     app_pem4f.oem4f (.const:xdc_runtime_Error_Module__diagsEnabled__C)
                  00008b54    00000004     app_pem4f.oem4f (.const:xdc_runtime_Error_Module__diagsIncluded__C)
                  00008b58    00000004     app_pem4f.oem4f (.const:xdc_runtime_Error_Module__diagsMask__C)
                  00008b5c    00000004     app_pem4f.oem4f (.const:xdc_runtime_Error_Module__loggerFxn8__C)
                  00008b60    00000004     app_pem4f.oem4f (.const:xdc_runtime_Error_Module__loggerObj__C)
                  00008b64    00000004     app_pem4f.oem4f (.const:xdc_runtime_Error_policyFxn__C)
                  00008b68    00000004     app_pem4f.oem4f (.const:xdc_runtime_Error_raiseHook__C)
                  00008b6c    00000004     app_pem4f.oem4f (.const:xdc_runtime_HeapStd_A_align__C)
                  00008b70    00000004     app_pem4f.oem4f (.const:xdc_runtime_HeapStd_A_invalidTotalFreeSize__C)
                  00008b74    00000004     app_pem4f.oem4f (.const:xdc_runtime_HeapStd_A_zeroSize__C)
                  00008b78    00000004     app_pem4f.oem4f (.const:xdc_runtime_HeapStd_E_noRTSMemory__C)
                  00008b7c    00000004     app_pem4f.oem4f (.const:xdc_runtime_HeapStd_Module__diagsEnabled__C)
                  00008b80    00000004     app_pem4f.oem4f (.const:xdc_runtime_HeapStd_Module__diagsIncluded__C)
                  00008b84    00000004     app_pem4f.oem4f (.const:xdc_runtime_HeapStd_Module__diagsMask__C)
                  00008b88    00000004     app_pem4f.oem4f (.const:xdc_runtime_IFilterLogger_Interface__BASE__C)
                  00008b8c    00000004     app_pem4f.oem4f (.const:xdc_runtime_IGateProvider_Interface__BASE__C)
                  00008b90    00000004     app_pem4f.oem4f (.const:xdc_runtime_IHeap_Interface__BASE__C)
                  00008b94    00000004     app_pem4f.oem4f (.const:xdc_runtime_ILogger_Interface__BASE__C)
                  00008b98    00000004     app_pem4f.oem4f (.const:xdc_runtime_IModule_Interface__BASE__C)
                  00008b9c    00000004     app_pem4f.oem4f (.const:xdc_runtime_Log_L_error__C)
                  00008ba0    00000004     app_pem4f.oem4f (.const:xdc_runtime_LoggerBuf_E_badLevel__C)
                  00008ba4    00000004     app_pem4f.oem4f (.const:xdc_runtime_LoggerBuf_Module__gateObj__C)
                  00008ba8    00000004     app_pem4f.oem4f (.const:xdc_runtime_LoggerBuf_Object__count__C)
                  00008bac    00000004     app_pem4f.oem4f (.const:xdc_runtime_LoggerBuf_statusLogger__C)
                  00008bb0    00000004     app_pem4f.oem4f (.const:xdc_runtime_Memory_defaultHeapInstance__C)
                  00008bb4    00000004     app_pem4f.oem4f (.const:xdc_runtime_Startup_execImpl__C)
                  00008bb8    00000004     app_pem4f.oem4f (.const:xdc_runtime_Startup_lastFxns__A)
                  00008bbc    00000004     app_pem4f.oem4f (.const:xdc_runtime_Startup_maxPasses__C)
                  00008bc0    00000004     app_pem4f.oem4f (.const:xdc_runtime_Startup_sfxnRts__C)
                  00008bc4    00000004     app_pem4f.oem4f (.const:xdc_runtime_Startup_sfxnTab__C)
                  00008bc8    00000004     app_pem4f.oem4f (.const:xdc_runtime_SysMin_bufSize__C)
                  00008bcc    00000004     app_pem4f.oem4f (.const:xdc_runtime_SysMin_outputFunc__C)
                  00008bd0    00000004     app_pem4f.oem4f (.const:xdc_runtime_System_Module__gateObj__C)
                  00008bd4    00000004     app_pem4f.oem4f (.const:xdc_runtime_System_abortFxn__C)
                  00008bd8    00000004     app_pem4f.oem4f (.const:xdc_runtime_System_exitFxn__C)
                  00008bdc    00000004     app_pem4f.oem4f (.const:xdc_runtime_System_extendFxn__C)
                  00008be0    00000004     app_pem4f.oem4f (.const:xdc_runtime_System_maxAtexitHandlers__C)
                  00008be4    00000004     app_pem4f.oem4f (.const:xdc_runtime_Text_charTab__C)
                  00008be8    00000004     app_pem4f.oem4f (.const:xdc_runtime_Text_nameEmpty__C)
                  00008bec    00000004     app_pem4f.oem4f (.const:xdc_runtime_Text_nameStatic__C)
                  00008bf0    00000004     app_pem4f.oem4f (.const:xdc_runtime_Text_nameUnknown__C)
                  00008bf4    00000004     app_pem4f.oem4f (.const:xdc_runtime_Text_visitRopeFxn__C)
                  00008bf8    00000002     app_pem4f.oem4f (.const:ti_sysbios_family_arm_lm4_TimestampProvider_useClockTimer__C)
                  00008bfa    00000002     app_pem4f.oem4f (.const:ti_sysbios_family_arm_m3_Hwi_Module__id__C)
                  00008bfc    00000002     app_pem4f.oem4f (.const:ti_sysbios_family_arm_m3_Hwi_Module__loggerDefined__C)
                  00008bfe    00000002     app_pem4f.oem4f (.const:ti_sysbios_gates_GateMutex_Module__id__C)
                  00008c00    00000002     app_pem4f.oem4f (.const:ti_sysbios_hal_Hwi_Module__id__C)
                  00008c02    00000002     app_pem4f.oem4f (.const:ti_sysbios_knl_Clock_Module__id__C)
                  00008c04    00000002     app_pem4f.oem4f (.const:ti_sysbios_knl_Clock_Module__loggerDefined__C)
                  00008c06    00000002     app_pem4f.oem4f (.const:ti_sysbios_knl_Semaphore_Module__id__C)
                  00008c08    00000002     app_pem4f.oem4f (.const:ti_sysbios_knl_Semaphore_Module__loggerDefined__C)
                  00008c0a    00000002     app_pem4f.oem4f (.const:ti_sysbios_knl_Swi_Module__id__C)
                  00008c0c    00000002     app_pem4f.oem4f (.const:ti_sysbios_knl_Swi_Module__loggerDefined__C)
                  00008c0e    00000002     app_pem4f.oem4f (.const:ti_sysbios_knl_Task_Module__id__C)
                  00008c10    00000002     app_pem4f.oem4f (.const:ti_sysbios_knl_Task_Module__loggerDefined__C)
                  00008c12    00000002     app_pem4f.oem4f (.const:ti_sysbios_utils_Load_Module__id__C)
                  00008c14    00000002     app_pem4f.oem4f (.const:ti_sysbios_utils_Load_Module__loggerDefined__C)
                  00008c16    00000002     app_pem4f.oem4f (.const:ti_sysbios_utils_Load_updateInIdle__C)
                  00008c18    00000002     app_pem4f.oem4f (.const:ti_uia_loggers_LoggerStopMode_Module__id__C)
                  00008c1a    00000002     app_pem4f.oem4f (.const:ti_uia_loggers_LoggerStopMode_isTimestampEnabled__C)
                  00008c1c    00000002     app_pem4f.oem4f (.const:xdc_runtime_Core_Module__id__C)
                  00008c1e    00000002     app_pem4f.oem4f (.const:xdc_runtime_Error_Module__loggerDefined__C)
                  00008c20    00000002     app_pem4f.oem4f (.const:xdc_runtime_Error_maxDepth__C)
                  00008c22    00000002     app_pem4f.oem4f (.const:xdc_runtime_HeapStd_Module__id__C)
                  00008c24    00000002     app_pem4f.oem4f (.const:xdc_runtime_LoggerBuf_Module__id__C)
                  00008c26    00000002     app_pem4f.oem4f (.const:xdc_runtime_LoggerBuf_filterByLevel__C)
                  00008c28    00000002     app_pem4f.oem4f (.const:xdc_runtime_Memory_Module__id__C)
                  00008c2a    00000002     app_pem4f.oem4f (.const:xdc_runtime_SysMin_flushAtExit__C)
                  00008c2c    00000002     app_pem4f.oem4f (.const:xdc_runtime_Text_charCnt__C)
                  00008c2e    00000002     app_pem4f.oem4f (.const:xdc_runtime_Text_isLoaded__C)
                  00008c30    00000002     app_pem4f.oem4f (.const:xdc_runtime_Text_registryModsLastId__C)
                  00008c32    00000002     app_pem4f.oem4f (.const:xdc_runtime_Text_unnamedModsLastId__C)
                  00008c34    00000001     app_pem4f.oem4f (.const:xdc_runtime_Error_policy__C)
                  00008c35    00000001     app_pem4f.oem4f (.const:xdc_runtime_Text_charTab__A)

.cinit     0    00008c38    000003d8     
                  00008c38    000003ad     (.cinit..data.load) [load image, compression = lzss]
                  00008fe5    00000003     --HOLE-- [fill = 0]
                  00008fe8    0000000c     (__TI_handler_table)
                  00008ff4    00000004     --HOLE-- [fill = 0]
                  00008ff8    00000008     (.cinit..bss.load) [load image, compression = zero_init]
                  00009000    00000010     (__TI_cinit_table)

.init_array 
*          0    00000000    00000000     UNINITIALIZED

.vecs      0    20000000    00000360     NOLOAD SECTION
                  20000000    00000360     app_pem4f.oem4f (.vecs)

.bss       0    20000380    00005130     UNINITIALIZED
                  20000380    00004000     app_pem4f.oem4f (.bss:taskStackSection)
                  20004380    00000400     (.common:ti_uia_loggers_LoggerStopMode_Instance_State_1_packetArray__A)
                  20004780    00000400     (.common:ti_uia_loggers_LoggerStopMode_Instance_State_2_packetArray__A)
                  20004b80    00000360     (.common:ti_sysbios_family_arm_m3_Hwi_dispatchTable)
                  20004ee0    00000020     (.common:ADC0Value)
                  20004f00    00000200     (.common:ti_uia_loggers_LoggerStopMode_Instance_State_0_packetArray__A)
                  20005100    00000120     rtsv7M4_T_le_v4SPD16_eabi.lib : trgmsg.obj (.bss:_CIOBUF_)
                  20005220    00000080     (.common:xdc_runtime_LoggerBuf_Instance_State_0_entryArr__A)
                  200052a0    00000080     (.common:xdc_runtime_SysMin_Module_State_0_outbuf__A)
                  20005320    00000030     (.common:ti_sysbios_knl_Mailbox_Instance_State_0_allocBuf__A)
                  20005350    0000002c     (.common:AddrVar)
                  2000537c    00000004     (.common:I_bat)
                  20005380    00000030     (.common:ti_uia_loggers_LoggerStopMode_Instance_State_0_hdr__A)
                  200053b0    00000010     (.common:ti_sysbios_knl_Mailbox_Instance_State_1_allocBuf__A)
                  200053c0    00000008                                   : trgdrv.obj (.bss:parmbuf)
                  200053c8    00000004     (.common:I_led)
                  200053cc    00000004     (.common:I_pv)
                  200053d0    00000004     (.common:InterruptStatus)
                  200053d4    00000004     (.common:P)
                  200053d8    00000004     (.common:P_led)
                  200053dc    00000004     (.common:P_out)
                  200053e0    00000004     (.common:Q)
                  200053e4    00000004     (.common:V_bat)
                  200053e8    00000004     (.common:V_led)
                  200053ec    00000004     (.common:V_pv)
                  200053f0    00000004     (.common:Vpv_new)
                  200053f4    00000004     (.common:Vpv_old)
                  200053f8    00000004     (.common:temp)
                  200053fc    00000002     (.common:D_dimming)
                  200053fe    00000002     (.common:D_sepic)
                  20005400    00000030     (.common:ti_uia_loggers_LoggerStopMode_Instance_State_1_hdr__A)
                  20005430    00000002     (.common:Dzeta_new)
                  20005432    00000002     (.common:Dzeta_old)
                  20005434    00000001     (.common:BatterieOtherGridState)
                  20005435    00000001     (.common:ModeJourNuit)
                  20005436    00000001     (.common:Mode_Actuel)
                  20005437    00000049     --HOLE--
                  20005480    00000030     (.common:ti_uia_loggers_LoggerStopMode_Instance_State_2_hdr__A)

.data      0    200054b0    00000a5e     UNINITIALIZED
                  200054b0    00000260     app_pem4f.oem4f (.data:ti_sysbios_knl_Task_Object__table__V)
                  20005710    00000100     app_pem4f.oem4f (.data:ti_sysbios_family_arm_lm4_Timer_Object__table__V)
                  20005810    000000c0     app_pem4f.oem4f (.data:ti_sysbios_knl_Swi_Object__table__V)
                  200058d0    000000a0     app_pem4f.oem4f (.data:ti_sysbios_knl_Mailbox_Object__table__V)
                  20005970    0000009c     app_pem4f.oem4f (.data:ti_uia_loggers_LoggerStopMode_Object__table__V)
                  20005a0c    00000098     app_pem4f.oem4f (.data:ti_sysbios_utils_Load_Module__state__V)
                  20005aa4    00000090     app_pem4f.oem4f (.data:ti_sysbios_family_arm_m3_Hwi_Object__table__V)
                  20005b34    00000080     app_pem4f.oem4f (.data:ti_sysbios_knl_Swi_Module_State_0_readyQ__A)
                  20005bb4    00000080     app_pem4f.oem4f (.data:ti_sysbios_knl_Task_Module_State_0_readyQ__A)
                  20005c34    00000044     app_pem4f.oem4f (.data:ti_sysbios_knl_Task_Module__state__V)
                  20005c78    0000003c     app_pem4f.oem4f (.data:ti_sysbios_knl_Semaphore_Object__table__V)
                  20005cb4    00000034     app_pem4f.oem4f (.data:ti_sysbios_family_arm_m3_Hwi_Module__state__V)
                  20005ce8    00000030     app_pem4f.oem4f (.data:ti_sysbios_family_arm_lm4_Timer_Module_State_0_device__A)
                  20005d18    0000002c     app_pem4f.oem4f (.data:ti_sysbios_knl_Clock_Module__state__V)
                  20005d44    00000024     app_pem4f.oem4f (.data:ti_sysbios_BIOS_Module__state__V)
                  20005d68    00000024     app_pem4f.oem4f (.data:xdc_runtime_LoggerBuf_Object__table__V)
                  20005d8c    00000020     app_pem4f.oem4f (.data:xdc_runtime_Error_IgnoreBlock)
                  20005dac    0000001c     app_pem4f.oem4f (.data:ti_sysbios_gates_GateMutex_Object__table__V)
                  20005dc8    0000001c     app_pem4f.oem4f (.data:ti_sysbios_knl_Swi_Module__state__V)
                  20005de4    00000018     app_pem4f.oem4f (.data:ti_sysbios_family_arm_lm4_Timer_Module_State_0_handles__A)
                  20005dfc    00000010     app_pem4f.oem4f (.data:ti_sysbios_hal_Hwi_Object__table__V)
                  20005e0c    00000010     app_pem4f.oem4f (.data:ti_sysbios_hal_Timer_Object__table__V)
                  20005e1c    00000010     app_pem4f.oem4f (.data:xdc_runtime_System_Module_State_0_atexitHandlers__A)
                  20005e2c    0000000c     rtsv7M4_T_le_v4SPD16_eabi.lib : exit.obj (.data:$O1$$)
                  20005e38    0000000c     app_pem4f.oem4f (.data:ti_sysbios_family_arm_lm4_Timer_Module__state__V)
                  20005e44    0000000c     app_pem4f.oem4f (.data:ti_sysbios_knl_Task_Module__root__V)
                  20005e50    0000000c     app_pem4f.oem4f (.data:ti_uia_runtime_QueueDescriptor_Module__state__V)
                  20005e5c    0000000c     app_pem4f.oem4f (.data:xdc_runtime_HeapStd_Object__table__V)
                  20005e68    0000000c     app_pem4f.oem4f (.data:xdc_runtime_SysMin_Module__state__V)
                  20005e74    00000008     rtsv7M4_T_le_v4SPD16_eabi.lib : _lock.obj (.data:$O1$$)
                  20005e7c    00000008     ti.uia.runtime.aem4f : QueueDescriptor.oem4f (.data)
                  20005e84    00000008     app_pem4f.oem4f (.data:ti_sysbios_family_arm_lm4_TimestampProvider_Module__state__V)
                  20005e8c    00000008     app_pem4f.oem4f (.data:ti_sysbios_gates_GateHwi_Module__root__V)
                  20005e94    00000008     app_pem4f.oem4f (.data:ti_sysbios_gates_GateMutex_Module__root__V)
                  20005e9c    00000008     app_pem4f.oem4f (.data:ti_sysbios_knl_Queue_Module__root__V)
                  20005ea4    00000008     app_pem4f.oem4f (.data:ti_sysbios_knl_Semaphore_Module__root__V)
                  20005eac    00000008     app_pem4f.oem4f (.data:ti_uia_loggers_LoggerStopMode_Module__root__V)
                  20005eb4    00000008     app_pem4f.oem4f (.data:xdc_runtime_HeapStd_Module__root__V)
                  20005ebc    00000008     app_pem4f.oem4f (.data:xdc_runtime_LoggerBuf_Module__root__V)
                  20005ec4    00000008     app_pem4f.oem4f (.data:xdc_runtime_Registry_Module__state__V)
                  20005ecc    00000008     app_pem4f.oem4f (.data:xdc_runtime_Startup_Module__state__V)
                  20005ed4    00000008     app_pem4f.oem4f (.data:xdc_runtime_System_Module__state__V)
                  20005edc    00000006     app_pem4f.oem4f (.data:xdc_runtime_LoggerBuf_Module__state__V)
                  20005ee2    00000004     Task_RTOS.obj (.data)
                  20005ee6    00000002     app_pem4f.oem4f (.data:ti_sysbios_family_arm_m3_Hwi_Module_State_0_excActive__A)
                  20005ee8    00000004     rtsv7M4_T_le_v4SPD16_eabi.lib : stkdepth_vars.obj (.data)
                  20005eec    00000004     app_pem4f.oem4f (.data:ti_sysbios_family_arm_m3_Hwi_Module_State_0_excContext__A)
                  20005ef0    00000004     app_pem4f.oem4f (.data:ti_sysbios_family_arm_m3_Hwi_Module_State_0_excStack__A)
                  20005ef4    00000004     app_pem4f.oem4f (.data:ti_sysbios_gates_GateHwi_Object__table__V)
                  20005ef8    00000004     app_pem4f.oem4f (.data:ti_sysbios_knl_Task_Module_State_0_idleTask__A)
                  20005efc    00000004     app_pem4f.oem4f (.data:ti_sysbios_utils_Load_Module_State_0_runningTask__A)
                  20005f00    00000004     app_pem4f.oem4f (.data:ti_sysbios_utils_Load_Module_State_0_taskStartTime__A)
                  20005f04    00000004     app_pem4f.oem4f (.data:xdc_runtime_HeapStd_Module__state__V)
                  20005f08    00000004     app_pem4f.oem4f (.data:xdc_runtime_Memory_Module__state__V)
                  20005f0c    00000002     app_pem4f.oem4f (.data:xdc_runtime_Error_Module__state__V)

[...]
00008a50  ti_sysbios_knl_Semaphore_A_badContext__C                          
00008a54  ti_sysbios_knl_Semaphore_A_noEvents__C                            
00008a58  ti_sysbios_knl_Semaphore_A_overflow__C                            
00008a5c  ti_sysbios_knl_Semaphore_A_pendTaskDisabled__C                    
00008a60  ti_sysbios_knl_Semaphore_Instance_State_pendQ__O                  
00008a64  ti_sysbios_knl_Semaphore_LM_pend__C                               
00008a68  ti_sysbios_knl_Semaphore_LM_post__C                               
00008a6c  ti_sysbios_knl_Semaphore_Module__diagsEnabled__C                  
00008a70  ti_sysbios_knl_Semaphore_Module__diagsIncluded__C                 
00008a74  ti_sysbios_knl_Semaphore_Module__diagsMask__C                     
00008a78  ti_sysbios_knl_Semaphore_Module__loggerFxn2__C                    
00008a7c  ti_sysbios_knl_Semaphore_Module__loggerFxn4__C                    
00008a80  ti_sysbios_knl_Semaphore_Module__loggerObj__C                     
00008a84  ti_sysbios_knl_Swi_LD_end__C                                      
00008a88  ti_sysbios_knl_Swi_LM_begin__C                                    
00008a8c  ti_sysbios_knl_Swi_LM_post__C                                     
00008a90  ti_sysbios_knl_Swi_Module__diagsEnabled__C                        
00008a94  ti_sysbios_knl_Swi_Module__diagsIncluded__C                       
00008a98  ti_sysbios_knl_Swi_Module__diagsMask__C                           
00008a9c  ti_sysbios_knl_Swi_Module__loggerFxn1__C                          
00008aa0  ti_sysbios_knl_Swi_Module__loggerFxn4__C                          
00008aa4  ti_sysbios_knl_Swi_Module__loggerObj__C                           
00008aa8  ti_sysbios_knl_Swi_Object__count__C                               
00008aac  ti_sysbios_knl_Task_A_badPriority__C                              
00008ab0  ti_sysbios_knl_Task_A_badTimeout__C                               
00008ab4  ti_sysbios_knl_Task_A_sleepTaskDisabled__C                        
00008ab8  ti_sysbios_knl_Task_E_spOutOfBounds__C                            
00008abc  ti_sysbios_knl_Task_E_stackOverflow__C                            
00008ac0  ti_sysbios_knl_Task_LD_block__C                                   
00008ac4  ti_sysbios_knl_Task_LD_exit__C                                    
00008ac8  ti_sysbios_knl_Task_LD_ready__C                                   
00008acc  ti_sysbios_knl_Task_LM_setPri__C                                  
00008ad0  ti_sysbios_knl_Task_LM_sleep__C                                   
00008ad4  ti_sysbios_knl_Task_LM_switch__C                                  
00008ad8  ti_sysbios_knl_Task_Module_State_inactiveQ__O                     
00008adc  ti_sysbios_knl_Task_Module__diagsEnabled__C                       
00008ae0  ti_sysbios_knl_Task_Module__diagsIncluded__C                      
00008ae4  ti_sysbios_knl_Task_Module__diagsMask__C                          
00008ae8  ti_sysbios_knl_Task_Module__loggerFxn2__C                         
00008aec  ti_sysbios_knl_Task_Module__loggerFxn4__C                         
00008af0  ti_sysbios_knl_Task_Module__loggerObj__C                          
00008af4  ti_sysbios_knl_Task_Object__count__C                              
00008af8  ti_sysbios_knl_Task_allBlockedFunc__C                             
00008afc  ti_sysbios_knl_Task_numConstructedTasks__C                        
00008b00  ti_sysbios_utils_Load_LS_cpuLoad__C                               
00008b04  ti_sysbios_utils_Load_Module__diagsEnabled__C                     
00008b08  ti_sysbios_utils_Load_Module__diagsIncluded__C                    
00008b0c  ti_sysbios_utils_Load_Module__diagsMask__C                        
00008b10  ti_sysbios_utils_Load_Module__loggerFxn1__C                       
00008b14  ti_sysbios_utils_Load_Module__loggerObj__C                        
00008b18  ti_sysbios_utils_Load_postUpdate__C                               
00008b1c  ti_sysbios_utils_Load_windowInMs__C                               
00008b20  ti_uia_loggers_LoggerStopMode_Module__diagsEnabled__C             
00008b24  ti_uia_loggers_LoggerStopMode_Module__diagsIncluded__C            
00008b28  ti_uia_loggers_LoggerStopMode_Module__diagsMask__C                
00008b2c  ti_uia_loggers_LoggerStopMode_Object__count__C                    
00008b30  ti_uia_runtime_ILoggerSnapshot_Interface__BASE__C                 
00008b34  ti_uia_runtime_IUIATransfer_Interface__BASE__C                    
00008b38  xdc_runtime_Assert_E_assertFailed__C                              
00008b3c  xdc_runtime_Core_A_initializedParams__C                           
00008b40  xdc_runtime_Core_Module__diagsEnabled__C                          
00008b44  xdc_runtime_Core_Module__diagsIncluded__C                         
00008b48  xdc_runtime_Core_Module__diagsMask__C                             
00008b4c  xdc_runtime_Error_E_memory__C                                     
00008b50  xdc_runtime_Error_Module__diagsEnabled__C                         
00008b54  xdc_runtime_Error_Module__diagsIncluded__C                        
00008b58  xdc_runtime_Error_Module__diagsMask__C                            
00008b5c  xdc_runtime_Error_Module__loggerFxn8__C                           
00008b60  xdc_runtime_Error_Module__loggerObj__C                            
00008b64  xdc_runtime_Error_policyFxn__C                                    
00008b68  xdc_runtime_Error_raiseHook__C                                    
00008b6c  xdc_runtime_HeapStd_A_align__C                                    
00008b70  xdc_runtime_HeapStd_A_invalidTotalFreeSize__C                     
00008b74  xdc_runtime_HeapStd_A_zeroSize__C                                 
00008b78  xdc_runtime_HeapStd_E_noRTSMemory__C                              
00008b7c  xdc_runtime_HeapStd_Module__diagsEnabled__C                       
00008b80  xdc_runtime_HeapStd_Module__diagsIncluded__C                      
00008b84  xdc_runtime_HeapStd_Module__diagsMask__C                          
00008b88  xdc_runtime_IFilterLogger_Interface__BASE__C                      
00008b8c  xdc_runtime_IGateProvider_Interface__BASE__C                      
00008b90  xdc_runtime_IHeap_Interface__BASE__C                              
00008b94  xdc_runtime_ILogger_Interface__BASE__C                            
00008b98  xdc_runtime_IModule_Interface__BASE__C                            
00008b9c  xdc_runtime_Log_L_error__C                                        
00008ba0  xdc_runtime_LoggerBuf_E_badLevel__C                               
00008ba4  xdc_runtime_LoggerBuf_Module__gateObj__C                          
00008ba8  xdc_runtime_LoggerBuf_Object__count__C                            
00008bac  xdc_runtime_LoggerBuf_statusLogger__C                             
00008bb0  xdc_runtime_Memory_defaultHeapInstance__C                         
00008bb4  xdc_runtime_Startup_execImpl__C                                   
00008bb8  xdc_runtime_Startup_lastFxns__A                                   
00008bbc  xdc_runtime_Startup_maxPasses__C                                  
00008bc0  xdc_runtime_Startup_sfxnRts__C                                    
00008bc4  xdc_runtime_Startup_sfxnTab__C                                    
00008bc8  xdc_runtime_SysMin_bufSize__C                                     
00008bcc  xdc_runtime_SysMin_outputFunc__C                                  
00008bd0  xdc_runtime_System_Module__gateObj__C                             
00008bd4  xdc_runtime_System_abortFxn__C                                    
00008bd8  xdc_runtime_System_exitFxn__C                                     
00008bdc  xdc_runtime_System_extendFxn__C                                   
00008be0  xdc_runtime_System_maxAtexitHandlers__C                           
00008be4  xdc_runtime_Text_charTab__C                                       
00008be8  xdc_runtime_Text_nameEmpty__C                                     
00008bec  xdc_runtime_Text_nameStatic__C                                    
00008bf0  xdc_runtime_Text_nameUnknown__C                                   
00008bf4  xdc_runtime_Text_visitRopeFxn__C                                  
00008bf8  ti_sysbios_family_arm_lm4_TimestampProvider_useClockTimer__C      
00008bfa  ti_sysbios_family_arm_m3_Hwi_Module__id__C                        
00008bfc  ti_sysbios_family_arm_m3_Hwi_Module__loggerDefined__C             
00008bfe  ti_sysbios_gates_GateMutex_Module__id__C                          
00008c00  ti_sysbios_hal_Hwi_Module__id__C                                  
00008c02  ti_sysbios_knl_Clock_Module__id__C                                
00008c04  ti_sysbios_knl_Clock_Module__loggerDefined__C                     
00008c06  ti_sysbios_knl_Semaphore_Module__id__C                            
00008c08  ti_sysbios_knl_Semaphore_Module__loggerDefined__C                 
00008c0a  ti_sysbios_knl_Swi_Module__id__C                                  
00008c0c  ti_sysbios_knl_Swi_Module__loggerDefined__C                       
00008c0e  ti_sysbios_knl_Task_Module__id__C                                 
00008c10  ti_sysbios_knl_Task_Module__loggerDefined__C                      
00008c12  ti_sysbios_utils_Load_Module__id__C                               
00008c14  ti_sysbios_utils_Load_Module__loggerDefined__C                    
00008c16  ti_sysbios_utils_Load_updateInIdle__C                             
00008c18  ti_uia_loggers_LoggerStopMode_Module__id__C                       
00008c1a  ti_uia_loggers_LoggerStopMode_isTimestampEnabled__C               
00008c1c  xdc_runtime_Core_Module__id__C                                    
00008c1e  xdc_runtime_Error_Module__loggerDefined__C                        
00008c20  xdc_runtime_Error_maxDepth__C                                     
00008c22  xdc_runtime_HeapStd_Module__id__C                                 
00008c24  xdc_runtime_LoggerBuf_Module__id__C                               
00008c26  xdc_runtime_LoggerBuf_filterByLevel__C                            
00008c28  xdc_runtime_Memory_Module__id__C                                  
00008c2a  xdc_runtime_SysMin_flushAtExit__C                                 
00008c2c  xdc_runtime_Text_charCnt__C                                       
00008c2e  xdc_runtime_Text_isLoaded__C                                      
00008c30  xdc_runtime_Text_registryModsLastId__C                            
00008c32  xdc_runtime_Text_unnamedModsLastId__C                             
00008c34  xdc_runtime_Error_policy__C                                       
00008c35  xdc_runtime_Text_charTab__A                                       
00008c38  __TI_static_base__                                                
00008fe8  __TI_Handler_Table_Base                                           
00008ff4  __TI_Handler_Table_Limit                                          
00009000  __TI_CINIT_Base                                                   
00009010  __TI_CINIT_Limit                                                  
20000000  ti_sysbios_family_arm_m3_Hwi_ramVectors                           
20000380  ti_sysbios_knl_Task_Instance_State_0_stack__A                     
20000b80  ti_sysbios_knl_Task_Instance_State_1_stack__A                     
20001380  ti_sysbios_knl_Task_Instance_State_2_stack__A                     
20001b80  ti_sysbios_knl_Task_Instance_State_3_stack__A                     
20002380  ti_sysbios_knl_Task_Instance_State_4_stack__A                     
20002b80  ti_sysbios_knl_Task_Instance_State_5_stack__A                     
20003380  ti_sysbios_knl_Task_Instance_State_6_stack__A                     
20003b80  ti_sysbios_knl_Task_Instance_State_7_stack__A                     
20004380  ti_uia_loggers_LoggerStopMode_Instance_State_1_packetArray__A     
20004780  ti_uia_loggers_LoggerStopMode_Instance_State_2_packetArray__A     
20004b80  ti_sysbios_family_arm_m3_Hwi_dispatchTable                        
20004ee0  ADC0Value                                                         
20004f00  ti_uia_loggers_LoggerStopMode_Instance_State_0_packetArray__A     
20005100  __CIOBUF_                                                         
20005220  xdc_runtime_LoggerBuf_Instance_State_0_entryArr__A                
200052a0  xdc_runtime_SysMin_Module_State_0_outbuf__A                       
20005320  ti_sysbios_knl_Mailbox_Instance_State_0_allocBuf__A               
20005350  AddrVar                                                           
2000537c  I_bat                                                             
20005380  ti_uia_loggers_LoggerStopMode_Instance_State_0_hdr__A             
200053b0  ti_sysbios_knl_Mailbox_Instance_State_1_allocBuf__A               
200053c8  I_led                                                             
200053cc  I_pv                                                              
200053d0  InterruptStatus                                                   
200053d4  P                                                                 
200053d8  P_led                                                             
200053dc  P_out                                                             
200053e0  Q                                                                 
200053e4  V_bat                                                             
200053e8  V_led                                                             
200053ec  V_pv                                                              
200053f0  Vpv_new                                                           
200053f4  Vpv_old                                                           
200053f8  temp                                                              
200053fc  D_dimming                                                         
200053fe  D_sepic                                                           
20005400  ti_uia_loggers_LoggerStopMode_Instance_State_1_hdr__A             
20005430  Dzeta_new                                                         
20005432  Dzeta_old                                                         
20005434  BatterieOtherGridState                                            
20005435  ModeJourNuit                                                      
20005436  Mode_Actuel                                                       
20005480  ti_uia_loggers_LoggerStopMode_Instance_State_2_hdr__A             
200054b0  ti_sysbios_knl_Task_Object__table__V                              
20005710  ti_sysbios_family_arm_lm4_Timer_Object__table__V                  
20005810  ti_sysbios_knl_Swi_Object__table__V                               
200058d0  ti_sysbios_knl_Mailbox_Object__table__V                           
20005970  ti_uia_loggers_LoggerStopMode_Object__table__V                    
20005a0c  ti_sysbios_utils_Load_Module__state__V                            
20005aa4  ti_sysbios_family_arm_m3_Hwi_Object__table__V                     
20005b34  ti_sysbios_knl_Swi_Module_State_0_readyQ__A                       
20005bb4  ti_sysbios_knl_Task_Module_State_0_readyQ__A                      
20005c34  ti_sysbios_knl_Task_Module__state__V                              
20005c78  ti_sysbios_knl_Semaphore_Object__table__V                         
20005cb4  ti_sysbios_family_arm_m3_Hwi_Module__state__V                     
20005ce8  ti_sysbios_family_arm_lm4_Timer_Module_State_0_device__A          
20005d18  ti_sysbios_knl_Clock_Module__state__V                             
20005d44  ti_sysbios_BIOS_Module__state__V                                  
20005d68  xdc_runtime_LoggerBuf_Object__table__V                            
20005d8c  xdc_runtime_Error_IgnoreBlock                                     
20005dac  ti_sysbios_gates_GateMutex_Object__table__V                       
20005dc8  ti_sysbios_knl_Swi_Module__state__V                               
20005de4  ti_sysbios_family_arm_lm4_Timer_Module_State_0_handles__A         
20005dfc  ti_sysbios_hal_Hwi_Object__table__V                               
20005e0c  ti_sysbios_hal_Timer_Object__table__V                             
20005e1c  xdc_runtime_System_Module_State_0_atexitHandlers__A               
20005e2c  __TI_cleanup_ptr                                                  
20005e30  __TI_dtors_ptr                                                    
20005e34  __TI_enable_exit_profile_output                                   
20005e38  ti_sysbios_family_arm_lm4_Timer_Module__state__V                  
20005e44  ti_sysbios_knl_Task_Module__root__V                               
20005e50  ti_uia_runtime_QueueDescriptor_Module__state__V                   
20005e5c  xdc_runtime_HeapStd_Object__table__V                              
20005e68  xdc_runtime_SysMin_Module__state__V                               
20005e74  _lock                                                             
20005e78  _unlock                                                           
20005e7c  ti_uia_runtime_QueueDescriptor_gPtrToFirstDescriptor              
20005e80  ti_uia_runtime_QueueDescriptor_gUpdateCount                       
20005e84  ti_sysbios_family_arm_lm4_TimestampProvider_Module__state__V      
20005e8c  ti_sysbios_gates_GateHwi_Module__root__V                          
20005e94  ti_sysbios_gates_GateMutex_Module__root__V                        
20005e9c  ti_sysbios_knl_Queue_Module__root__V                              
20005ea4  ti_sysbios_knl_Semaphore_Module__root__V                          
20005eac  ti_uia_loggers_LoggerStopMode_Module__root__V                     
20005eb4  xdc_runtime_HeapStd_Module__root__V                               
20005ebc  xdc_runtime_LoggerBuf_Module__root__V                             
20005ec4  xdc_runtime_Registry_Module__state__V                             
20005ecc  xdc_runtime_Startup_Module__state__V                              
20005ed4  xdc_runtime_System_Module__state__V                               
20005edc  xdc_runtime_LoggerBuf_Module__state__V                            
20005ee6  ti_sysbios_family_arm_m3_Hwi_Module_State_0_excActive__A          
20005ee8  main_func_sp                                                      
20005eec  ti_sysbios_family_arm_m3_Hwi_Module_State_0_excContext__A         
20005ef0  ti_sysbios_family_arm_m3_Hwi_Module_State_0_excStack__A           
20005ef4  ti_sysbios_gates_GateHwi_Object__table__V                         
20005ef8  ti_sysbios_knl_Task_Module_State_0_idleTask__A                    
20005efc  ti_sysbios_utils_Load_Module_State_0_runningTask__A               
20005f00  ti_sysbios_utils_Load_Module_State_0_taskStartTime__A             
20005f04  xdc_runtime_HeapStd_Module__state__V                              
20005f08  xdc_runtime_Memory_Module__state__V                               
20005f0c  xdc_runtime_Error_Module__state__V                                
20005f10  __stack                                                           
20006310  __STACK_END                                                       
e000e000  ti_sysbios_family_arm_m3_Hwi_nvic                                 
ffffffff  __TI_pprof_out_hndl                                               
ffffffff  __TI_prof_data_size                                               
ffffffff  __TI_prof_data_start                                              
ffffffff  __binit__                                                         
ffffffff  __c_args__                                                        
ffffffff  binit                                                             
UNDEFED   SHT$$INIT_ARRAY$$Base                                             
UNDEFED   SHT$$INIT_ARRAY$$Limit                                            

[810 symbols]
